============================================================
BulbaEngine diagnostic session
Date: Tue Sep 22 07:10:48 +04 2026
Project: bulba
Build type: Debug
Live monitor: 1
Valgrind: 0
============================================================

============================================================
CMAKE DEBUG CONFIGURE
============================================================
-- Configuring done (0.1s)
-- Generating done (0.0s)
-- Build files have been written to: /home/grib/projects/BulbaEngine/engine/build/debug

============================================================
CMAKE DEBUG BUILD
============================================================
[0/2] Re-checking globbed directories...
[1/2] Building C object CMakeFiles/bulba.dir/src/main.c.o
[2/2] Linking C executable bulba
[2026-09-22 07:10:48] APPLICATION LOG: logs/2026-09-22_07-10-48/application.log
[2026-09-22 07:10:48] ASAN: ON
[2026-09-22 07:10:48] Application started
[2026-09-22 07:10:48] PID: 420959
[2026-09-22 07:10:48] Application output redirected to: logs/2026-09-22_07-10-48/application.log
[2026-09-22 07:10:48] MONITOR START
[2026-09-22 07:10:48] PID: 420959
[2026-09-22 07:10:48] EXE: /home/grib/projects/BulbaEngine/engine/build/debug/bulba
[2026-09-22 07:10:48] APPLICATION LOG: logs/2026-09-22_07-10-48/application.log
[2026-09-22 07:10:48] CPU=50.0% RSS=5.64 MB HWM=5.64 MB VSZ=14.93 MB DATA=0.80 MB ANON=0.88 MB PSS=1.92 MB THREADS=1 FD=14 STATE=R (running) WCHAN=-
[2026-09-22 07:10:49] CPU=44.7% RSS=85.61 MB HWM=85.61 MB VSZ=619.57 MB DATA=50.62 MB ANON=28.22 MB PSS=54.52 MB THREADS=5 FD=29 STATE=S (sleeping) WCHAN=-
[2026-09-22 07:10:50] CPU=42.4% RSS=85.61 MB HWM=85.61 MB VSZ=619.57 MB DATA=50.62 MB ANON=28.22 MB PSS=54.52 MB THREADS=5 FD=29 STATE=S (sleeping) WCHAN=-
[2026-09-22 07:10:51] CPU=41.2% RSS=85.61 MB HWM=85.61 MB VSZ=619.57 MB DATA=50.62 MB ANON=28.22 MB PSS=54.52 MB THREADS=5 FD=29 STATE=S (sleeping) WCHAN=drm_syncobj_array_wait_timeout.constprop.0
[2026-09-22 07:10:52] CPU=40.7% RSS=85.61 MB HWM=85.61 MB VSZ=619.57 MB DATA=50.62 MB ANON=28.22 MB PSS=54.52 MB THREADS=5 FD=29 STATE=S (sleeping) WCHAN=drm_syncobj_array_wait_timeout.constprop.0
[2026-09-22 07:10:53] CPU=40.8% RSS=85.61 MB HWM=85.61 MB VSZ=619.57 MB DATA=50.62 MB ANON=28.22 MB PSS=54.52 MB THREADS=5 FD=29 STATE=R (running) WCHAN=drm_syncobj_array_wait_timeout.constprop.0
[2026-09-22 07:10:54] CPU=41.1% RSS=85.61 MB HWM=85.61 MB VSZ=619.57 MB DATA=50.62 MB ANON=28.22 MB PSS=54.52 MB THREADS=5 FD=29 STATE=R (running) WCHAN=drm_syncobj_array_wait_timeout.constprop.0
[2026-09-22 07:10:55] CPU=41.0% RSS=0.00 MB HWM=85.61 MB VSZ=619.57 MB DATA=50.62 MB ANON=28.22 MB PSS=54.52 MB THREADS=5 FD=29 STATE=S (sleeping) WCHAN=drm_syncobj_array_wait_timeout.constprop.0
[2026-09-22 07:10:56] CPU=41.1% RSS=85.62 MB HWM=85.62 MB VSZ=619.57 MB DATA=50.62 MB ANON=28.23 MB PSS=54.53 MB THREADS=5 FD=29 STATE=S (sleeping) WCHAN=drm_syncobj_array_wait_timeout.constprop.0
[2026-09-22 07:10:57] CPU=41.3% RSS=85.62 MB HWM=85.62 MB VSZ=619.57 MB DATA=50.62 MB ANON=28.23 MB PSS=54.53 MB THREADS=5 FD=29 STATE=S (sleeping) WCHAN=-
[2026-09-22 07:10:58] CPU=41.4% RSS=85.62 MB HWM=85.62 MB VSZ=619.57 MB DATA=50.62 MB ANON=28.23 MB PSS=54.61 MB THREADS=5 FD=29 STATE=R (running) WCHAN=drm_syncobj_array_wait_timeout.constprop.0
[2026-09-22 07:10:59] CPU=41.8% RSS=85.62 MB HWM=85.62 MB VSZ=0.00 MB DATA=50.62 MB ANON=28.23 MB PSS=54.61 MB THREADS=5 FD=29 STATE=S (sleeping) WCHAN=drm_syncobj_array_wait_timeout.constprop.0
[2026-09-22 07:11:00] MONITOR END
[2026-09-22 07:11:00] PROCESS EXIT CODE: 0
