============================================================
BulbaEngine diagnostic session
Date: Tue Sep 22 23:25:03 +04 2026
Project: bulba
Build type: Debug
Live monitor: 1
Valgrind: 0
============================================================

============================================================
CMAKE DEBUG CONFIGURE
============================================================
-- Configuring done (0.1s)
-- Generating done (0.0s)
-- Build files have been written to: /home/grib/projects/BulbaEngine/engine/build/debug

============================================================
CMAKE DEBUG BUILD
============================================================
[0/2] Re-checking globbed directories...
[1/2] Building C object CMakeFiles/bulba.dir/tests/supernova.c.o
[2/2] Linking C executable bulba
[2026-09-22 23:25:04] APPLICATION LOG: logs/2026-09-22_23-25-03/application.log
[2026-09-22 23:25:04] ASAN: ON
[2026-09-22 23:25:04] Application started
[2026-09-22 23:25:04] PID: 477257
[2026-09-22 23:25:04] Application output redirected to: logs/2026-09-22_23-25-03/application.log
[2026-09-22 23:25:04] MONITOR START
[2026-09-22 23:25:04] PID: 477257
[2026-09-22 23:25:04] EXE: /home/grib/projects/BulbaEngine/engine/build/debug/bulba
[2026-09-22 23:25:04] APPLICATION LOG: logs/2026-09-22_23-25-03/application.log
[2026-09-22 23:25:04] CPU=81.8% RSS=5.74 MB HWM=5.74 MB VSZ=14.93 MB DATA=0.80 MB ANON=0.88 MB PSS=1.78 MB THREADS=1 FD=14 STATE=R (running) WCHAN=-
[2026-09-22 23:25:06] CPU=81.9% RSS=85.20 MB HWM=85.20 MB VSZ=618.98 MB DATA=50.02 MB ANON=27.70 MB PSS=45.19 MB THREADS=5 FD=29 STATE=R (running) WCHAN=-
[2026-09-22 23:25:08] CPU=78.3% RSS=85.20 MB HWM=85.20 MB VSZ=618.97 MB DATA=50.02 MB ANON=27.70 MB PSS=45.19 MB THREADS=5 FD=29 STATE=S (sleeping) WCHAN=drm_syncobj_array_wait_timeout.constprop.0
[2026-09-22 23:25:09] CPU=81.0% RSS=85.20 MB HWM=85.20 MB VSZ=618.98 MB DATA=50.02 MB ANON=27.70 MB PSS=45.19 MB THREADS=5 FD=29 STATE=R (running) WCHAN=-
[2026-09-22 23:25:10] CPU=81.5% RSS=85.20 MB HWM=85.20 MB VSZ=618.98 MB DATA=50.02 MB ANON=27.70 MB PSS=45.19 MB THREADS=5 FD=29 STATE=R (running) WCHAN=-
[2026-09-22 23:25:11] CPU=83.4% RSS=85.20 MB HWM=85.20 MB VSZ=618.98 MB DATA=50.02 MB ANON=27.70 MB PSS=45.19 MB THREADS=5 FD=29 STATE=R (running) WCHAN=-
[2026-09-22 23:25:12] CPU=84.5% RSS=85.20 MB HWM=85.20 MB VSZ=618.97 MB DATA=50.02 MB ANON=27.70 MB PSS=45.19 MB THREADS=5 FD=29 STATE=S (sleeping) WCHAN=drm_syncobj_array_wait_timeout.constprop.0
[2026-09-22 23:25:12] CPU=85.0% RSS=85.20 MB HWM=85.20 MB VSZ=618.98 MB DATA=50.02 MB ANON=27.70 MB PSS=45.19 MB THREADS=5 FD=29 STATE=R (running) WCHAN=drm_syncobj_array_wait_timeout.constprop.0
[2026-09-22 23:25:13] CPU=83.7% RSS=85.20 MB HWM=85.20 MB VSZ=618.97 MB DATA=50.02 MB ANON=27.70 MB PSS=45.19 MB THREADS=5 FD=29 STATE=R (running) WCHAN=-
[2026-09-22 23:25:14] CPU=83.1% RSS=85.20 MB HWM=85.20 MB VSZ=618.98 MB DATA=50.02 MB ANON=27.70 MB PSS=45.22 MB THREADS=5 FD=29 STATE=R (running) WCHAN=-
[2026-09-22 23:25:15] CPU=82.7% RSS=85.20 MB HWM=85.20 MB VSZ=618.98 MB DATA=50.02 MB ANON=27.70 MB PSS=45.22 MB THREADS=5 FD=29 STATE=R (running) WCHAN=-
[2026-09-22 23:25:16] CPU=83.0% RSS=85.20 MB HWM=85.20 MB VSZ=618.98 MB DATA=50.02 MB ANON=27.70 MB PSS=45.22 MB THREADS=5 FD=29 STATE=R (running) WCHAN=-
[2026-09-22 23:25:17] CPU=83.8% RSS=85.20 MB HWM=85.20 MB VSZ=618.97 MB DATA=50.02 MB ANON=27.70 MB PSS=45.22 MB THREADS=5 FD=29 STATE=R (running) WCHAN=-
[2026-09-22 23:25:18] CPU=83.4% RSS=85.20 MB HWM=85.20 MB VSZ=618.97 MB DATA=50.02 MB ANON=27.70 MB PSS=45.22 MB THREADS=5 FD=29 STATE=R (running) WCHAN=-
[2026-09-22 23:25:19] CPU=82.0% RSS=85.20 MB HWM=85.20 MB VSZ=618.98 MB DATA=50.02 MB ANON=27.70 MB PSS=45.22 MB THREADS=5 FD=29 STATE=S (sleeping) WCHAN=-
[2026-09-22 23:25:20] CPU=81.8% RSS=85.20 MB HWM=85.20 MB VSZ=618.98 MB DATA=50.02 MB ANON=27.70 MB PSS=45.22 MB THREADS=5 FD=29 STATE=S (sleeping) WCHAN=-
[2026-09-22 23:25:21] CPU=81.4% RSS=85.20 MB HWM=85.20 MB VSZ=618.98 MB DATA=50.02 MB ANON=27.70 MB PSS=45.22 MB THREADS=5 FD=29 STATE=R (running) WCHAN=drm_syncobj_array_wait_timeout.constprop.0
[2026-09-22 23:25:23] CPU=81.8% RSS=85.20 MB HWM=85.20 MB VSZ=618.98 MB DATA=50.02 MB ANON=27.70 MB PSS=45.22 MB THREADS=5 FD=29 STATE=R (running) WCHAN=-
[2026-09-22 23:25:23] CPU=82.0% RSS=85.20 MB HWM=85.20 MB VSZ=618.98 MB DATA=50.02 MB ANON=27.70 MB PSS=45.22 MB THREADS=5 FD=29 STATE=R (running) WCHAN=-
[2026-09-22 23:25:24] EVENT: RAPID MEMORY GROWTH
[2026-09-22 23:25:24] RSS BEFORE: 5.74 MB
[2026-09-22 23:25:24] RSS NOW: 85.20 MB
[2026-09-22 23:25:24] DELTA: 79.46 MB
[2026-09-22 23:25:24] ============================================================
[2026-09-22 23:25:24] DIAGNOSTIC EVENT: memory_growth
[2026-09-22 23:25:24] PID: 477257
[2026-09-22 23:25:24] EVENT DIR: logs/2026-09-22_23-25-03/events/2026-09-22_23-25-24_memory_growth
[2026-09-22 23:25:24] ============================================================
[2026-09-22 23:25:25] Diagnostic snapshot saved: logs/2026-09-22_23-25-03/events/2026-09-22_23-25-24_memory_growth
[2026-09-22 23:25:25] CPU=82.4% RSS=85.20 MB HWM=85.20 MB VSZ=618.97 MB DATA=50.02 MB ANON=27.70 MB PSS=45.22 MB THREADS=5 FD=29 STATE=R (running) WCHAN=drm_syncobj_array_wait_timeout.constprop.0
[2026-09-22 23:25:26] CPU=82.4% RSS=85.20 MB HWM=85.20 MB VSZ=618.98 MB DATA=50.02 MB ANON=27.70 MB PSS=45.22 MB THREADS=5 FD=29 STATE=R (running) WCHAN=-
[2026-09-22 23:25:27] CPU=82.5% RSS=85.20 MB HWM=85.20 MB VSZ=618.98 MB DATA=50.02 MB ANON=27.70 MB PSS=45.22 MB THREADS=5 FD=29 STATE=R (running) WCHAN=drm_syncobj_array_wait_timeout.constprop.0
[2026-09-22 23:25:27] CPU=82.6% RSS=85.20 MB HWM=85.20 MB VSZ=618.98 MB DATA=50.02 MB ANON=27.70 MB PSS=45.22 MB THREADS=5 FD=29 STATE=S (sleeping) WCHAN=-
[2026-09-22 23:25:28] CPU=82.5% RSS=85.20 MB HWM=85.20 MB VSZ=618.98 MB DATA=50.02 MB ANON=27.70 MB PSS=45.22 MB THREADS=5 FD=29 STATE=R (running) WCHAN=-
[2026-09-22 23:25:29] CPU=82.3% RSS=85.20 MB HWM=85.20 MB VSZ=618.98 MB DATA=50.02 MB ANON=27.70 MB PSS=45.22 MB THREADS=5 FD=29 STATE=R (running) WCHAN=drm_syncobj_array_wait_timeout.constprop.0
[2026-09-22 23:25:30] CPU=82.1% RSS=85.20 MB HWM=85.20 MB VSZ=618.98 MB DATA=50.02 MB ANON=27.70 MB PSS=45.22 MB THREADS=5 FD=29 STATE=S (sleeping) WCHAN=drm_syncobj_array_wait_timeout.constprop.0
[2026-09-22 23:25:31] CPU=81.6% RSS=85.20 MB HWM=85.20 MB VSZ=618.97 MB DATA=50.02 MB ANON=27.70 MB PSS=45.22 MB THREADS=5 FD=29 STATE=R (running) WCHAN=drm_syncobj_array_wait_timeout.constprop.0
[2026-09-22 23:25:32] CPU=81.5% RSS=85.20 MB HWM=85.20 MB VSZ=618.98 MB DATA=50.02 MB ANON=27.70 MB PSS=45.22 MB THREADS=5 FD=29 STATE=R (running) WCHAN=-
[2026-09-22 23:25:33] CPU=82.0% RSS=85.20 MB HWM=85.20 MB VSZ=618.97 MB DATA=50.02 MB ANON=27.70 MB PSS=45.22 MB THREADS=5 FD=29 STATE=R (running) WCHAN=-
[2026-09-22 23:25:34] CPU=82.2% RSS=85.20 MB HWM=85.20 MB VSZ=618.98 MB DATA=50.02 MB ANON=27.70 MB PSS=45.22 MB THREADS=5 FD=29 STATE=R (running) WCHAN=-
[2026-09-22 23:25:35] CPU=82.3% RSS=85.20 MB HWM=85.20 MB VSZ=618.98 MB DATA=50.02 MB ANON=27.70 MB PSS=45.22 MB THREADS=5 FD=29 STATE=R (running) WCHAN=-
[2026-09-22 23:25:36] CPU=82.1% RSS=85.20 MB HWM=85.20 MB VSZ=618.98 MB DATA=50.02 MB ANON=27.70 MB PSS=45.22 MB THREADS=5 FD=29 STATE=S (sleeping) WCHAN=-
[2026-09-22 23:25:37] CPU=82.4% RSS=85.20 MB HWM=85.20 MB VSZ=618.98 MB DATA=50.02 MB ANON=27.70 MB PSS=45.22 MB THREADS=5 FD=29 STATE=R (running) WCHAN=-
[2026-09-22 23:25:38] CPU=82.3% RSS=85.20 MB HWM=85.20 MB VSZ=618.97 MB DATA=50.02 MB ANON=27.70 MB PSS=45.22 MB THREADS=5 FD=29 STATE=R (running) WCHAN=drm_syncobj_array_wait_timeout.constprop.0
[2026-09-22 23:25:40] CPU=82.6% RSS=85.20 MB HWM=85.20 MB VSZ=618.97 MB DATA=50.02 MB ANON=27.70 MB PSS=45.22 MB THREADS=5 FD=29 STATE=R (running) WCHAN=drm_syncobj_array_wait_timeout.constprop.0
[2026-09-22 23:25:41] CPU=82.9% RSS=85.20 MB HWM=85.20 MB VSZ=618.97 MB DATA=50.02 MB ANON=27.70 MB PSS=45.22 MB THREADS=5 FD=29 STATE=R (running) WCHAN=drm_syncobj_array_wait_timeout.constprop.0
[2026-09-22 23:25:42] CPU=83.1% RSS=85.20 MB HWM=85.20 MB VSZ=618.97 MB DATA=50.02 MB ANON=27.70 MB PSS=45.22 MB THREADS=5 FD=29 STATE=R (running) WCHAN=-
[2026-09-22 23:25:42] CPU=83.1% RSS=85.20 MB HWM=85.20 MB VSZ=618.97 MB DATA=50.02 MB ANON=27.70 MB PSS=45.22 MB THREADS=5 FD=29 STATE=S (sleeping) WCHAN=-
[2026-09-22 23:25:43] CPU=82.9% RSS=85.20 MB HWM=0.00 MB VSZ=618.98 MB DATA=50.02 MB ANON=27.70 MB PSS=45.22 MB THREADS=5 FD=29 STATE=R (running) WCHAN=-
[2026-09-22 23:25:44] CPU=83.1% RSS=85.20 MB HWM=85.20 MB VSZ=618.98 MB DATA=50.02 MB ANON=27.70 MB PSS=45.22 MB THREADS=5 FD=29 STATE=R (running) WCHAN=-
[2026-09-22 23:25:45] CPU=83.0% RSS=85.20 MB HWM=0.00 MB VSZ=618.98 MB DATA=50.02 MB ANON=27.70 MB PSS=45.22 MB THREADS=5 FD=29 STATE=S (sleeping) WCHAN=-
[2026-09-22 23:25:46] CPU=82.8% RSS=85.20 MB HWM=85.20 MB VSZ=618.98 MB DATA=50.02 MB ANON=27.70 MB PSS=45.22 MB THREADS=5 FD=29 STATE=S (sleeping) WCHAN=-
[2026-09-22 23:25:47] MONITOR END
[2026-09-22 23:25:47] PROCESS EXIT CODE: 0
