============================================================
BulbaEngine diagnostic session
Date: Tue Sep 22 20:56:01 +04 2026
Project: bulba
Build type: Debug
Live monitor: 1
Valgrind: 0
============================================================

============================================================
CMAKE DEBUG CONFIGURE
============================================================
-- Configuring done (0.1s)
-- Generating done (0.0s)
-- Build files have been written to: /home/grib/projects/BulbaEngine/engine/build/debug

============================================================
CMAKE DEBUG BUILD
============================================================
[0/2] Re-checking globbed directories...
[1/2] Building C object CMakeFiles/bulba.dir/src/main.c.o
[2/2] Linking C executable bulba
[2026-09-22 20:56:01] APPLICATION LOG: logs/2026-09-22_20-56-01/application.log
[2026-09-22 20:56:01] ASAN: ON
[2026-09-22 20:56:01] Application started
[2026-09-22 20:56:01] PID: 464977
[2026-09-22 20:56:01] Application output redirected to: logs/2026-09-22_20-56-01/application.log
[2026-09-22 20:56:01] MONITOR START
[2026-09-22 20:56:01] PID: 464977
[2026-09-22 20:56:01] EXE: /home/grib/projects/BulbaEngine/engine/build/debug/bulba
[2026-09-22 20:56:01] APPLICATION LOG: logs/2026-09-22_20-56-01/application.log
[2026-09-22 20:56:01] CPU=50.0% RSS=5.68 MB HWM=5.68 MB VSZ=14.94 MB DATA=0.80 MB ANON=0.88 MB PSS=1.70 MB THREADS=1 FD=7 STATE=R (running) WCHAN=-
[2026-09-22 20:56:02] CPU=71.2% RSS=85.87 MB HWM=85.87 MB VSZ=626.99 MB DATA=50.73 MB ANON=28.40 MB PSS=42.55 MB THREADS=5 FD=22 STATE=R (running) WCHAN=-
[2026-09-22 20:56:03] CPU=69.6% RSS=85.87 MB HWM=85.87 MB VSZ=627.74 MB DATA=50.73 MB ANON=28.40 MB PSS=42.55 MB THREADS=5 FD=22 STATE=R (running) WCHAN=-
[2026-09-22 20:56:04] CPU=68.9% RSS=85.87 MB HWM=85.87 MB VSZ=627.74 MB DATA=50.73 MB ANON=28.40 MB PSS=42.55 MB THREADS=5 FD=22 STATE=R (running) WCHAN=drm_syncobj_array_wait_timeout.constprop.0
[2026-09-22 20:56:05] CPU=68.5% RSS=85.87 MB HWM=85.87 MB VSZ=627.74 MB DATA=50.73 MB ANON=28.40 MB PSS=42.55 MB THREADS=5 FD=22 STATE=R (running) WCHAN=drm_syncobj_array_wait_timeout.constprop.0
[2026-09-22 20:56:06] CPU=68.5% RSS=85.87 MB HWM=85.87 MB VSZ=627.74 MB DATA=50.73 MB ANON=28.40 MB PSS=42.55 MB THREADS=5 FD=22 STATE=S (sleeping) WCHAN=-
[2026-09-22 20:56:07] CPU=69.0% RSS=85.87 MB HWM=85.87 MB VSZ=626.99 MB DATA=50.73 MB ANON=28.40 MB PSS=42.55 MB THREADS=5 FD=22 STATE=R (running) WCHAN=-
[2026-09-22 20:56:08] CPU=68.7% RSS=85.87 MB HWM=85.87 MB VSZ=627.74 MB DATA=50.73 MB ANON=28.40 MB PSS=42.55 MB THREADS=5 FD=22 STATE=R (running) WCHAN=-
[2026-09-22 20:56:09] CPU=68.6% RSS=85.87 MB HWM=85.87 MB VSZ=627.74 MB DATA=50.73 MB ANON=28.40 MB PSS=42.55 MB THREADS=5 FD=22 STATE=R (running) WCHAN=-
[2026-09-22 20:56:10] CPU=68.5% RSS=85.87 MB HWM=85.87 MB VSZ=627.74 MB DATA=50.73 MB ANON=28.40 MB PSS=42.55 MB THREADS=5 FD=22 STATE=R (running) WCHAN=-
[2026-09-22 20:56:11] CPU=68.7% RSS=85.87 MB HWM=85.87 MB VSZ=627.74 MB DATA=50.73 MB ANON=28.40 MB PSS=42.56 MB THREADS=5 FD=22 STATE=S (sleeping) WCHAN=drm_syncobj_array_wait_timeout.constprop.0
[2026-09-22 20:56:12] CPU=68.8% RSS=85.87 MB HWM=85.87 MB VSZ=627.74 MB DATA=50.73 MB ANON=28.40 MB PSS=42.56 MB THREADS=5 FD=22 STATE=S (sleeping) WCHAN=-
[2026-09-22 20:56:13] CPU=68.8% RSS=85.89 MB HWM=85.89 MB VSZ=627.24 MB DATA=50.73 MB ANON=28.41 MB PSS=42.58 MB THREADS=5 FD=22 STATE=R (running) WCHAN=-
[2026-09-22 20:56:14] MONITOR END
[2026-09-22 20:56:14] PROCESS EXIT CODE: 0
