============================================================
BulbaEngine diagnostic session
Date: Tue Sep 22 07:09:28 +04 2026
Project: bulba
Build type: Debug
Live monitor: 1
Valgrind: 0
============================================================

============================================================
CMAKE DEBUG CONFIGURE
============================================================
-- Configuring done (0.1s)
-- Generating done (0.0s)
-- Build files have been written to: /home/grib/projects/BulbaEngine/engine/build/debug

============================================================
CMAKE DEBUG BUILD
============================================================
[0/2] Re-checking globbed directories...
ninja: no work to do.
[2026-09-22 07:09:28] APPLICATION LOG: logs/2026-09-22_07-09-28/application.log
[2026-09-22 07:09:28] ASAN: ON
[2026-09-22 07:09:28] Application started
[2026-09-22 07:09:28] PID: 418843
[2026-09-22 07:09:28] Application output redirected to: logs/2026-09-22_07-09-28/application.log
[2026-09-22 07:09:28] MONITOR START
[2026-09-22 07:09:28] PID: 418843
[2026-09-22 07:09:28] EXE: /home/grib/projects/BulbaEngine/engine/build/debug/bulba
[2026-09-22 07:09:28] APPLICATION LOG: logs/2026-09-22_07-09-28/application.log
[2026-09-22 07:09:28] CPU=100% RSS=5.69 MB HWM=5.69 MB VSZ=14.93 MB DATA=0.80 MB ANON=0.88 MB PSS=1.93 MB THREADS=1 FD=14 STATE=R (running) WCHAN=-
[2026-09-22 07:09:29] CPU=0% RSS=85.68 MB HWM=85.68 MB VSZ=619.51 MB DATA=50.56 MB ANON=28.23 MB PSS=54.30 MB THREADS=5 FD=3 STATE=R (running) WCHAN=-
[2026-09-22 07:09:29] MONITOR END
[2026-09-22 07:09:29] PROCESS EXIT CODE: 0
