============================================================
BulbaEngine diagnostic session
Date: Tue Sep 22 20:52:03 +04 2026
Project: bulba
Build type: Debug
Live monitor: 1
Valgrind: 0
============================================================

============================================================
CMAKE DEBUG CONFIGURE
============================================================
-- Configuring done (0.1s)
-- Generating done (0.0s)
-- Build files have been written to: /home/grib/projects/BulbaEngine/engine/build/debug

============================================================
CMAKE DEBUG BUILD
============================================================
[0/2] Re-checking globbed directories...
[1/2] Building C object CMakeFiles/bulba.dir/src/main.c.o
[2/2] Linking C executable bulba
[2026-09-22 20:52:04] APPLICATION LOG: logs/2026-09-22_20-52-03/application.log
[2026-09-22 20:52:04] ASAN: ON
[2026-09-22 20:52:04] Application started
[2026-09-22 20:52:04] PID: 451675
[2026-09-22 20:52:04] Application output redirected to: logs/2026-09-22_20-52-03/application.log
[2026-09-22 20:52:04] MONITOR START
[2026-09-22 20:52:04] PID: 451675
[2026-09-22 20:52:04] EXE: /home/grib/projects/BulbaEngine/engine/build/debug/bulba
[2026-09-22 20:52:04] APPLICATION LOG: logs/2026-09-22_20-52-03/application.log
[2026-09-22 20:52:04] CPU=50.0% RSS=5.23 MB HWM=5.23 MB VSZ=14.75 MB DATA=0.61 MB ANON=0.75 MB PSS=1.67 MB THREADS=1 FD=13 STATE=S (sleeping) WCHAN=poll_schedule_timeout.constprop.0
[2026-09-22 20:52:05] CPU=56.6% RSS=85.66 MB HWM=85.66 MB VSZ=622.54 MB DATA=50.60 MB ANON=28.27 MB PSS=54.47 MB THREADS=5 FD=29 STATE=R (running) WCHAN=drm_syncobj_array_wait_timeout.constprop.0
[2026-09-22 20:52:06] CPU=57.0% RSS=85.66 MB HWM=85.66 MB VSZ=622.29 MB DATA=50.60 MB ANON=28.27 MB PSS=54.47 MB THREADS=5 FD=29 STATE=R (running) WCHAN=-
[2026-09-22 20:52:07] CPU=56.9% RSS=85.66 MB HWM=85.66 MB VSZ=622.54 MB DATA=50.60 MB ANON=28.27 MB PSS=54.47 MB THREADS=5 FD=29 STATE=S (sleeping) WCHAN=drm_syncobj_array_wait_timeout.constprop.0
[2026-09-22 20:52:08] CPU=57.2% RSS=85.66 MB HWM=85.66 MB VSZ=622.54 MB DATA=50.60 MB ANON=28.27 MB PSS=54.47 MB THREADS=5 FD=29 STATE=S (sleeping) WCHAN=drm_syncobj_array_wait_timeout.constprop.0
[2026-09-22 20:52:09] CPU=57.0% RSS=85.66 MB HWM=85.66 MB VSZ=622.16 MB DATA=50.60 MB ANON=28.27 MB PSS=54.47 MB THREADS=5 FD=29 STATE=R (running) WCHAN=drm_syncobj_array_wait_timeout.constprop.0
[2026-09-22 20:52:10] CPU=56.8% RSS=85.66 MB HWM=85.66 MB VSZ=622.10 MB DATA=50.60 MB ANON=28.27 MB PSS=54.47 MB THREADS=5 FD=29 STATE=R (running) WCHAN=drm_syncobj_array_wait_timeout.constprop.0
[2026-09-22 20:52:11] CPU=56.8% RSS=85.66 MB HWM=85.66 MB VSZ=622.54 MB DATA=50.60 MB ANON=28.27 MB PSS=54.47 MB THREADS=5 FD=29 STATE=R (running) WCHAN=-
[2026-09-22 20:52:11] MONITOR END
[2026-09-22 20:52:11] PROCESS EXIT CODE: 0
