============================================================
BulbaEngine diagnostic session
Date: Tue Sep 22 23:15:04 +04 2026
Project: bulba
Build type: Debug
Live monitor: 1
Valgrind: 0
============================================================

============================================================
CMAKE DEBUG CONFIGURE
============================================================
-- Configuring done (0.2s)
-- Generating done (0.0s)
-- Build files have been written to: /home/grib/projects/BulbaEngine/engine/build/debug

============================================================
CMAKE DEBUG BUILD
============================================================
[0/2] Re-checking globbed directories...
[1/2] Building C object CMakeFiles/bulba.dir/src/main.c.o
[2/2] Linking C executable bulba
[2026-09-22 23:15:05] APPLICATION LOG: logs/2026-09-22_23-15-04/application.log
[2026-09-22 23:15:05] ASAN: ON
[2026-09-22 23:15:05] Application started
[2026-09-22 23:15:05] PID: 472214
[2026-09-22 23:15:05] Application output redirected to: logs/2026-09-22_23-15-04/application.log
[2026-09-22 23:15:05] MONITOR START
[2026-09-22 23:15:05] PID: 472214
[2026-09-22 23:15:05] EXE: /home/grib/projects/BulbaEngine/engine/build/debug/bulba
[2026-09-22 23:15:05] APPLICATION LOG: logs/2026-09-22_23-15-04/application.log
[2026-09-22 23:15:05] CPU=77.7% RSS=5.66 MB HWM=5.66 MB VSZ=14.93 MB DATA=0.80 MB ANON=0.88 MB PSS=1.73 MB THREADS=1 FD=14 STATE=R (running) WCHAN=-
[2026-09-22 23:15:06] CPU=87.3% RSS=85.09 MB HWM=85.09 MB VSZ=618.98 MB DATA=50.02 MB ANON=27.70 MB PSS=45.16 MB THREADS=5 FD=29 STATE=R (running) WCHAN=-
[2026-09-22 23:15:07] CPU=88.8% RSS=85.09 MB HWM=85.09 MB VSZ=618.98 MB DATA=50.02 MB ANON=27.70 MB PSS=45.16 MB THREADS=5 FD=29 STATE=R (running) WCHAN=-
[2026-09-22 23:15:08] CPU=88.7% RSS=85.09 MB HWM=85.09 MB VSZ=618.97 MB DATA=50.02 MB ANON=27.70 MB PSS=45.16 MB THREADS=5 FD=29 STATE=S (sleeping) WCHAN=drm_syncobj_array_wait_timeout.constprop.0
[2026-09-22 23:15:09] CPU=88.5% RSS=85.09 MB HWM=85.09 MB VSZ=618.98 MB DATA=50.02 MB ANON=27.70 MB PSS=45.16 MB THREADS=5 FD=29 STATE=R (running) WCHAN=-
[2026-09-22 23:15:10] CPU=85.1% RSS=85.09 MB HWM=85.09 MB VSZ=618.98 MB DATA=50.02 MB ANON=27.70 MB PSS=45.16 MB THREADS=5 FD=29 STATE=S (sleeping) WCHAN=-
[2026-09-22 23:15:12] CPU=81.5% RSS=85.09 MB HWM=85.09 MB VSZ=618.97 MB DATA=50.02 MB ANON=27.70 MB PSS=45.16 MB THREADS=5 FD=29 STATE=S (sleeping) WCHAN=-
[2026-09-22 23:15:13] CPU=82.7% RSS=85.09 MB HWM=85.09 MB VSZ=618.97 MB DATA=50.02 MB ANON=27.70 MB PSS=45.16 MB THREADS=5 FD=29 STATE=R (running) WCHAN=-
[2026-09-22 23:15:14] CPU=82.7% RSS=85.09 MB HWM=85.09 MB VSZ=618.98 MB DATA=50.02 MB ANON=27.70 MB PSS=45.16 MB THREADS=5 FD=29 STATE=R (running) WCHAN=-
[2026-09-22 23:15:14] CPU=81.4% RSS=85.09 MB HWM=85.09 MB VSZ=618.97 MB DATA=50.02 MB ANON=27.70 MB PSS=45.16 MB THREADS=5 FD=29 STATE=R (running) WCHAN=drm_syncobj_array_wait_timeout.constprop.0
[2026-09-22 23:15:15] CPU=80.4% RSS=85.09 MB HWM=85.09 MB VSZ=618.97 MB DATA=50.02 MB ANON=27.70 MB PSS=45.16 MB THREADS=5 FD=29 STATE=R (running) WCHAN=drm_syncobj_array_wait_timeout.constprop.0
[2026-09-22 23:15:16] CPU=79.4% RSS=85.09 MB HWM=85.09 MB VSZ=618.97 MB DATA=50.02 MB ANON=27.70 MB PSS=45.19 MB THREADS=5 FD=29 STATE=S (sleeping) WCHAN=-
[2026-09-22 23:15:17] CPU=78.9% RSS=85.09 MB HWM=85.09 MB VSZ=618.98 MB DATA=50.02 MB ANON=27.70 MB PSS=45.19 MB THREADS=5 FD=29 STATE=R (running) WCHAN=drm_syncobj_array_wait_timeout.constprop.0
[2026-09-22 23:15:19] CPU=77.9% RSS=85.09 MB HWM=85.09 MB VSZ=618.97 MB DATA=50.02 MB ANON=27.70 MB PSS=45.19 MB THREADS=5 FD=29 STATE=R (running) WCHAN=-
[2026-09-22 23:15:20] CPU=79.3% RSS=85.09 MB HWM=85.09 MB VSZ=618.97 MB DATA=50.02 MB ANON=27.70 MB PSS=45.19 MB THREADS=5 FD=29 STATE=S (sleeping) WCHAN=drm_syncobj_array_wait_timeout.constprop.0
[2026-09-22 23:15:21] CPU=80.0% RSS=85.09 MB HWM=85.09 MB VSZ=618.98 MB DATA=50.02 MB ANON=27.70 MB PSS=45.19 MB THREADS=5 FD=29 STATE=R (running) WCHAN=-
[2026-09-22 23:15:22] CPU=80.9% RSS=85.09 MB HWM=85.09 MB VSZ=618.97 MB DATA=50.02 MB ANON=27.70 MB PSS=45.19 MB THREADS=5 FD=29 STATE=S (sleeping) WCHAN=-
[2026-09-22 23:15:23] CPU=81.9% RSS=85.09 MB HWM=85.09 MB VSZ=618.98 MB DATA=50.02 MB ANON=27.70 MB PSS=45.19 MB THREADS=5 FD=29 STATE=R (running) WCHAN=-
[2026-09-22 23:15:24] CPU=82.4% RSS=85.09 MB HWM=85.09 MB VSZ=618.98 MB DATA=50.02 MB ANON=27.70 MB PSS=45.19 MB THREADS=5 FD=29 STATE=R (running) WCHAN=-
[2026-09-22 23:15:24] CPU=82.4% RSS=85.09 MB HWM=85.09 MB VSZ=618.97 MB DATA=50.02 MB ANON=27.70 MB PSS=45.19 MB THREADS=5 FD=29 STATE=S (sleeping) WCHAN=drm_syncobj_array_wait_timeout.constprop.0
[2026-09-22 23:15:25] EVENT: RAPID MEMORY GROWTH
[2026-09-22 23:15:25] RSS BEFORE: 5.66 MB
[2026-09-22 23:15:25] RSS NOW: 85.09 MB
[2026-09-22 23:15:25] DELTA: 79.43 MB
[2026-09-22 23:15:25] ============================================================
[2026-09-22 23:15:25] DIAGNOSTIC EVENT: memory_growth
[2026-09-22 23:15:25] PID: 472214
[2026-09-22 23:15:25] EVENT DIR: logs/2026-09-22_23-15-04/events/2026-09-22_23-15-25_memory_growth
[2026-09-22 23:15:25] ============================================================
[2026-09-22 23:15:26] Diagnostic snapshot saved: logs/2026-09-22_23-15-04/events/2026-09-22_23-15-25_memory_growth
[2026-09-22 23:15:26] CPU=82.0% RSS=85.09 MB HWM=85.09 MB VSZ=618.98 MB DATA=50.02 MB ANON=27.70 MB PSS=45.19 MB THREADS=5 FD=29 STATE=R (running) WCHAN=-
[2026-09-22 23:15:27] CPU=82.0% RSS=85.09 MB HWM=85.09 MB VSZ=618.98 MB DATA=50.02 MB ANON=27.70 MB PSS=45.19 MB THREADS=5 FD=29 STATE=R (running) WCHAN=-
[2026-09-22 23:15:28] CPU=82.1% RSS=85.09 MB HWM=85.09 MB VSZ=618.98 MB DATA=50.02 MB ANON=27.70 MB PSS=45.19 MB THREADS=5 FD=29 STATE=R (running) WCHAN=drm_syncobj_array_wait_timeout.constprop.0
[2026-09-22 23:15:28] CPU=81.8% RSS=85.09 MB HWM=85.09 MB VSZ=618.97 MB DATA=50.02 MB ANON=27.70 MB PSS=45.19 MB THREADS=5 FD=29 STATE=R (running) WCHAN=-
[2026-09-22 23:15:29] CPU=81.8% RSS=85.09 MB HWM=85.09 MB VSZ=618.97 MB DATA=50.02 MB ANON=27.70 MB PSS=45.19 MB THREADS=5 FD=29 STATE=R (running) WCHAN=-
[2026-09-22 23:15:30] CPU=82.0% RSS=85.09 MB HWM=85.09 MB VSZ=618.98 MB DATA=50.02 MB ANON=27.70 MB PSS=45.19 MB THREADS=5 FD=29 STATE=R (running) WCHAN=-
[2026-09-22 23:15:31] CPU=82.3% RSS=85.09 MB HWM=85.09 MB VSZ=618.98 MB DATA=50.02 MB ANON=27.70 MB PSS=45.19 MB THREADS=5 FD=29 STATE=R (running) WCHAN=-
[2026-09-22 23:15:32] CPU=82.8% RSS=85.09 MB HWM=85.09 MB VSZ=618.98 MB DATA=50.02 MB ANON=27.70 MB PSS=45.19 MB THREADS=5 FD=29 STATE=R (running) WCHAN=-
[2026-09-22 23:15:33] CPU=0% RSS=85.10 MB HWM=85.10 MB VSZ=618.98 MB DATA=50.02 MB ANON=27.71 MB PSS=45.20 MB THREADS=5 FD=4 STATE=R (running) WCHAN=-
[2026-09-22 23:15:34] MONITOR END
[2026-09-22 23:15:34] PROCESS EXIT CODE: 0
