============================================================
BulbaEngine diagnostic session
Date: Tue Sep 22 20:50:33 +04 2026
Project: bulba
Build type: Debug
Live monitor: 1
Valgrind: 0
============================================================

============================================================
CMAKE DEBUG CONFIGURE
============================================================
-- Configuring done (0.1s)
-- Generating done (0.0s)
-- Build files have been written to: /home/grib/projects/BulbaEngine/engine/build/debug

============================================================
CMAKE DEBUG BUILD
============================================================
[0/2] Re-checking globbed directories...
[1/2] Building C object CMakeFiles/bulba.dir/tests/supernova.c.o
[2/2] Linking C executable bulba
[2026-09-22 20:50:34] APPLICATION LOG: logs/2026-09-22_20-50-33/application.log
[2026-09-22 20:50:34] ASAN: ON
[2026-09-22 20:50:34] Application started
[2026-09-22 20:50:34] PID: 446987
[2026-09-22 20:50:34] Application output redirected to: logs/2026-09-22_20-50-33/application.log
[2026-09-22 20:50:34] MONITOR START
[2026-09-22 20:50:34] PID: 446987
[2026-09-22 20:50:34] EXE: /home/grib/projects/BulbaEngine/engine/build/debug/bulba
[2026-09-22 20:50:34] APPLICATION LOG: logs/2026-09-22_20-50-33/application.log
[2026-09-22 20:50:34] CPU=75.0% RSS=5.64 MB HWM=5.64 MB VSZ=14.94 MB DATA=0.80 MB ANON=0.87 MB PSS=1.88 MB THREADS=1 FD=14 STATE=R (running) WCHAN=-
[2026-09-22 20:50:35] CPU=51.0% RSS=85.04 MB HWM=85.04 MB VSZ=618.98 MB DATA=50.02 MB ANON=27.69 MB PSS=53.90 MB THREADS=5 FD=29 STATE=R (running) WCHAN=-
[2026-09-22 20:50:36] CPU=51.1% RSS=85.04 MB HWM=85.04 MB VSZ=618.98 MB DATA=50.02 MB ANON=27.69 MB PSS=53.90 MB THREADS=5 FD=29 STATE=R (running) WCHAN=-
[2026-09-22 20:50:37] CPU=46.2% RSS=85.04 MB HWM=85.04 MB VSZ=618.97 MB DATA=50.02 MB ANON=27.69 MB PSS=53.90 MB THREADS=5 FD=29 STATE=S (sleeping) WCHAN=drm_syncobj_array_wait_timeout.constprop.0
[2026-09-22 20:50:38] CPU=46.7% RSS=85.04 MB HWM=85.04 MB VSZ=618.98 MB DATA=50.02 MB ANON=27.69 MB PSS=53.90 MB THREADS=5 FD=29 STATE=S (sleeping) WCHAN=drm_syncobj_array_wait_timeout.constprop.0
[2026-09-22 20:50:39] CPU=46.4% RSS=85.04 MB HWM=85.04 MB VSZ=618.98 MB DATA=50.02 MB ANON=27.69 MB PSS=53.90 MB THREADS=5 FD=29 STATE=S (sleeping) WCHAN=drm_syncobj_array_wait_timeout.constprop.0
[2026-09-22 20:50:40] CPU=48.2% RSS=85.04 MB HWM=85.04 MB VSZ=618.97 MB DATA=50.02 MB ANON=27.69 MB PSS=53.90 MB THREADS=5 FD=29 STATE=R (running) WCHAN=-
[2026-09-22 20:50:41] CPU=49.2% RSS=85.04 MB HWM=85.04 MB VSZ=618.97 MB DATA=50.02 MB ANON=27.69 MB PSS=53.90 MB THREADS=5 FD=29 STATE=R (running) WCHAN=-
[2026-09-22 20:50:42] CPU=52.8% RSS=85.04 MB HWM=85.04 MB VSZ=618.97 MB DATA=50.02 MB ANON=27.69 MB PSS=53.90 MB THREADS=5 FD=29 STATE=R (running) WCHAN=-
[2026-09-22 20:50:43] CPU=54.4% RSS=85.04 MB HWM=85.04 MB VSZ=618.97 MB DATA=50.02 MB ANON=27.69 MB PSS=53.97 MB THREADS=5 FD=29 STATE=R (running) WCHAN=-
[2026-09-22 20:50:44] MONITOR END
[2026-09-22 20:50:44] PROCESS EXIT CODE: 0
