============================================================
BulbaEngine diagnostic session
Date: Tue Sep 22 07:13:44 +04 2026
Project: bulba
Build type: Debug
Live monitor: 1
Valgrind: 0
============================================================

============================================================
CMAKE DEBUG CONFIGURE
============================================================
-- Configuring done (0.1s)
-- Generating done (0.0s)
-- Build files have been written to: /home/grib/projects/BulbaEngine/engine/build/debug

============================================================
CMAKE DEBUG BUILD
============================================================
[0/2] Re-checking globbed directories...
[1/2] Building C object CMakeFiles/bulba.dir/tests/supernova.c.o
[2/2] Linking C executable bulba
[2026-09-22 07:13:44] APPLICATION LOG: logs/2026-09-22_07-13-44/application.log
[2026-09-22 07:13:44] ASAN: ON
[2026-09-22 07:13:44] Application started
[2026-09-22 07:13:44] PID: 427948
[2026-09-22 07:13:44] Application output redirected to: logs/2026-09-22_07-13-44/application.log
[2026-09-22 07:13:44] MONITOR START
[2026-09-22 07:13:44] PID: 427948
[2026-09-22 07:13:44] EXE: /home/grib/projects/BulbaEngine/engine/build/debug/bulba
[2026-09-22 07:13:44] APPLICATION LOG: logs/2026-09-22_07-13-44/application.log
[2026-09-22 07:13:44] CPU=75.0% RSS=5.57 MB HWM=5.57 MB VSZ=14.93 MB DATA=0.80 MB ANON=0.82 MB PSS=1.95 MB THREADS=1 FD=14 STATE=R (running) WCHAN=-
[2026-09-22 07:13:45] CPU=21.6% RSS=86.09 MB HWM=86.09 MB VSZ=619.98 MB DATA=51.02 MB ANON=28.70 MB PSS=55.01 MB THREADS=5 FD=29 STATE=R (running) WCHAN=drm_syncobj_array_wait_timeout.constprop.0
[2026-09-22 07:13:46] CPU=16.8% RSS=86.09 MB HWM=86.09 MB VSZ=619.98 MB DATA=51.02 MB ANON=28.70 MB PSS=55.01 MB THREADS=5 FD=29 STATE=S (sleeping) WCHAN=drm_syncobj_array_wait_timeout.constprop.0
[2026-09-22 07:13:47] CPU=16.3% RSS=86.09 MB HWM=86.09 MB VSZ=619.98 MB DATA=51.02 MB ANON=28.70 MB PSS=55.01 MB THREADS=5 FD=29 STATE=S (sleeping) WCHAN=drm_syncobj_array_wait_timeout.constprop.0
[2026-09-22 07:13:48] CPU=16.3% RSS=86.09 MB HWM=86.09 MB VSZ=619.98 MB DATA=51.02 MB ANON=28.70 MB PSS=55.01 MB THREADS=5 FD=29 STATE=S (sleeping) WCHAN=drm_syncobj_array_wait_timeout.constprop.0
[2026-09-22 07:13:49] CPU=15.9% RSS=86.09 MB HWM=86.09 MB VSZ=619.98 MB DATA=51.02 MB ANON=28.70 MB PSS=55.01 MB THREADS=5 FD=29 STATE=R (running) WCHAN=drm_syncobj_array_wait_timeout.constprop.0
[2026-09-22 07:13:50] CPU=15.9% RSS=86.10 MB HWM=86.10 MB VSZ=619.98 MB DATA=51.02 MB ANON=28.72 MB PSS=55.02 MB THREADS=5 FD=29 STATE=S (sleeping) WCHAN=-
[2026-09-22 07:13:51] CPU=16.2% RSS=86.10 MB HWM=86.10 MB VSZ=619.98 MB DATA=51.02 MB ANON=28.72 MB PSS=55.02 MB THREADS=5 FD=29 STATE=S (sleeping) WCHAN=drm_syncobj_array_wait_timeout.constprop.0
[2026-09-22 07:13:52] CPU=16.2% RSS=86.10 MB HWM=86.10 MB VSZ=0.00 MB DATA=51.02 MB ANON=28.72 MB PSS=55.02 MB THREADS=5 FD=29 STATE=S (sleeping) WCHAN=drm_syncobj_array_wait_timeout.constprop.0
[2026-09-22 07:13:53] CPU=16.2% RSS=86.10 MB HWM=86.10 MB VSZ=619.98 MB DATA=51.02 MB ANON=28.72 MB PSS=55.02 MB THREADS=5 FD=29 STATE=S (sleeping) WCHAN=drm_syncobj_array_wait_timeout.constprop.0
[2026-09-22 07:13:54] CPU=16.5% RSS=86.10 MB HWM=86.10 MB VSZ=619.98 MB DATA=51.02 MB ANON=28.72 MB PSS=55.10 MB THREADS=5 FD=29 STATE=S (sleeping) WCHAN=drm_syncobj_array_wait_timeout.constprop.0
[2026-09-22 07:13:55] CPU=16.4% RSS=86.10 MB HWM=86.10 MB VSZ=619.98 MB DATA=51.02 MB ANON=28.72 MB PSS=55.10 MB THREADS=5 FD=29 STATE=S (sleeping) WCHAN=drm_syncobj_array_wait_timeout.constprop.0
[2026-09-22 07:13:56] CPU=16.4% RSS=86.10 MB HWM=86.10 MB VSZ=619.98 MB DATA=51.02 MB ANON=28.72 MB PSS=55.10 MB THREADS=5 FD=29 STATE=R (running) WCHAN=drm_syncobj_array_wait_timeout.constprop.0
[2026-09-22 07:13:57] CPU=16.6% RSS=86.10 MB HWM=86.10 MB VSZ=619.98 MB DATA=51.02 MB ANON=28.72 MB PSS=55.10 MB THREADS=5 FD=29 STATE=S (sleeping) WCHAN=drm_syncobj_array_wait_timeout.constprop.0
[2026-09-22 07:13:58] CPU=16.7% RSS=86.10 MB HWM=86.10 MB VSZ=619.98 MB DATA=51.02 MB ANON=28.72 MB PSS=55.10 MB THREADS=5 FD=29 STATE=S (sleeping) WCHAN=drm_syncobj_array_wait_timeout.constprop.0
[2026-09-22 07:13:59] CPU=16.7% RSS=86.10 MB HWM=86.10 MB VSZ=619.98 MB DATA=51.02 MB ANON=28.72 MB PSS=55.10 MB THREADS=5 FD=29 STATE=S (sleeping) WCHAN=drm_syncobj_array_wait_timeout.constprop.0
[2026-09-22 07:14:00] CPU=16.9% RSS=86.10 MB HWM=86.10 MB VSZ=619.98 MB DATA=51.02 MB ANON=28.72 MB PSS=55.10 MB THREADS=5 FD=29 STATE=S (sleeping) WCHAN=drm_syncobj_array_wait_timeout.constprop.0
[2026-09-22 07:14:01] CPU=16.9% RSS=86.10 MB HWM=86.10 MB VSZ=619.98 MB DATA=51.02 MB ANON=28.72 MB PSS=55.10 MB THREADS=5 FD=29 STATE=S (sleeping) WCHAN=-
[2026-09-22 07:14:02] CPU=17.0% RSS=86.10 MB HWM=86.10 MB VSZ=619.98 MB DATA=51.02 MB ANON=28.72 MB PSS=55.10 MB THREADS=5 FD=29 STATE=S (sleeping) WCHAN=drm_syncobj_array_wait_timeout.constprop.0
[2026-09-22 07:14:03] CPU=17.1% RSS=86.10 MB HWM=86.10 MB VSZ=619.98 MB DATA=51.02 MB ANON=28.72 MB PSS=55.10 MB THREADS=5 FD=29 STATE=S (sleeping) WCHAN=drm_syncobj_array_wait_timeout.constprop.0
[2026-09-22 07:14:04] EVENT: RAPID MEMORY GROWTH
[2026-09-22 07:14:04] RSS BEFORE: 5.57 MB
[2026-09-22 07:14:04] RSS NOW: 86.10 MB
[2026-09-22 07:14:04] DELTA: 80.53 MB
[2026-09-22 07:14:04] ============================================================
[2026-09-22 07:14:04] DIAGNOSTIC EVENT: memory_growth
[2026-09-22 07:14:04] PID: 427948
[2026-09-22 07:14:04] EVENT DIR: logs/2026-09-22_07-13-44/events/2026-09-22_07-14-04_memory_growth
[2026-09-22 07:14:04] ============================================================
[2026-09-22 07:14:04] Diagnostic snapshot saved: logs/2026-09-22_07-13-44/events/2026-09-22_07-14-04_memory_growth
[2026-09-22 07:14:04] CPU=0% RSS=86.10 MB HWM=86.10 MB VSZ=619.98 MB DATA=51.02 MB ANON=28.72 MB PSS=55.10 MB THREADS=5 FD=21 STATE=S (sleeping) WCHAN=-
[2026-09-22 07:14:05] MONITOR END
[2026-09-22 07:14:05] PROCESS EXIT CODE: 0
