============================================================
BulbaEngine diagnostic session
Date: Tue Sep 22 20:52:15 +04 2026
Project: bulba
Build type: Debug
Live monitor: 1
Valgrind: 0
============================================================

============================================================
CMAKE DEBUG CONFIGURE
============================================================
-- Configuring done (0.1s)
-- Generating done (0.0s)
-- Build files have been written to: /home/grib/projects/BulbaEngine/engine/build/debug

============================================================
CMAKE DEBUG BUILD
============================================================
[0/2] Re-checking globbed directories...
[1/2] Building C object CMakeFiles/bulba.dir/src/main.c.o
[2/2] Linking C executable bulba
[2026-09-22 20:52:15] APPLICATION LOG: logs/2026-09-22_20-52-15/application.log
[2026-09-22 20:52:15] ASAN: ON
[2026-09-22 20:52:15] Application started
[2026-09-22 20:52:15] PID: 453217
[2026-09-22 20:52:15] Application output redirected to: logs/2026-09-22_20-52-15/application.log
[2026-09-22 20:52:15] MONITOR START
[2026-09-22 20:52:15] PID: 453217
[2026-09-22 20:52:15] EXE: /home/grib/projects/BulbaEngine/engine/build/debug/bulba
[2026-09-22 20:52:15] APPLICATION LOG: logs/2026-09-22_20-52-15/application.log
[2026-09-22 20:52:15] CPU=75.0% RSS=5.74 MB HWM=5.74 MB VSZ=14.94 MB DATA=0.80 MB ANON=0.87 MB PSS=1.89 MB THREADS=1 FD=14 STATE=R (running) WCHAN=-
[2026-09-22 20:52:16] CPU=79.4% RSS=85.89 MB HWM=85.89 MB VSZ=626.98 MB DATA=50.73 MB ANON=28.40 MB PSS=54.63 MB THREADS=5 FD=29 STATE=R (running) WCHAN=-
[2026-09-22 20:52:17] CPU=83.9% RSS=85.90 MB HWM=85.90 MB VSZ=627.73 MB DATA=50.73 MB ANON=28.41 MB PSS=54.64 MB THREADS=5 FD=29 STATE=R (running) WCHAN=drm_syncobj_array_wait_timeout.constprop.0
[2026-09-22 20:52:18] MONITOR END
[2026-09-22 20:52:18] PROCESS EXIT CODE: 0
