============================================================
BulbaEngine diagnostic session
Date: Sat Sep 19 23:31:32 +04 2026
Project: bulba
Build type: Debug
Live monitor: 1
============================================================

============================================================
CMAKE DEBUG CONFIGURE
============================================================
-- The C compiler identification is GNU 13.3.0
-- Detecting C compiler ABI info
-- Detecting C compiler ABI info - done
-- Check for working C compiler: /usr/bin/cc - skipped
-- Detecting C compile features
-- Detecting C compile features - done
-- Found Vulkan: /usr/lib/x86_64-linux-gnu/libvulkan.so (found version "1.3.275") found components: glslc missing components: glslangValidator
-- Found Freetype: /usr/lib/x86_64-linux-gnu/libfreetype.so (found version "2.13.2") 
-- Found ZLIB: /usr/lib/x86_64-linux-gnu/libz.so (found version "1.3")  
-- Found PNG: /usr/lib/x86_64-linux-gnu/libpng.so (found version "1.6.43") 
-- Configuring done (0.2s)
-- Generating done (0.0s)
-- Build files have been written to: /home/grib/projects/BulbaEngine/engine/build/debug

============================================================
CMAKE DEBUG BUILD
============================================================
[0/2] Re-checking globbed directories...
[1/77] Building C object CMakeFiles/blb_png_to_c.dir/cmake/png_to_c.c.o
[2/77] Linking C executable blb_png_to_c
[3/77] Generating shaders/basic3d.vert.spv
[4/77] Generating shaders/text2d.vert.spv
[5/77] Generating shaders/text3d.vert.spv
[6/77] Generating shaders/text3d.frag.spv
[7/77] Generating generated/shaders/text2d_vert.h, generated/shaders/text2d_vert.c
[8/77] Generating shaders/shadow.vert.spv
[9/77] Generating shaders/basic2d.vert.spv
[10/77] Generating shaders/basic2d.frag.spv
[11/77] Generating generated/shaders/basic3d_vert.h, generated/shaders/basic3d_vert.c
[12/77] Generating shaders/text2d.frag.spv
[13/77] Generating generated/shaders/text3d_vert.h, generated/shaders/text3d_vert.c
[14/77] Generating generated/shaders/shadow_vert.h, generated/shaders/shadow_vert.c
[15/77] Generating generated/shaders/basic2d_vert.h, generated/shaders/basic2d_vert.c
[16/77] Generating shaders/basic3d.frag.spv
[17/77] Generating generated/shaders/text3d_frag.h, generated/shaders/text3d_frag.c
[18/77] Generating generated/shaders/text2d_frag.h, generated/shaders/text2d_frag.c
[19/77] Generating generated/shaders/basic2d_frag.h, generated/shaders/basic2d_frag.c
[20/77] Generating generated/shaders/basic3d_frag.h, generated/shaders/basic3d_frag.c
[21/77] Generating generated/textures/camera_256dp.c, generated/textures/camera_256dp.h
[22/77] Generating generated/textures/light_off_256dp.c, generated/textures/light_off_256dp.h
[23/77] Generating generated/textures/light_256dp.c, generated/textures/light_256dp.h
[24/77] Building C object CMakeFiles/bulba_engine.dir/src/bulba/core/objects3d/model_loader.c.o
[25/77] Building C object CMakeFiles/bulba_engine.dir/src/bulba/core/math3v/math3v.c.o
[26/77] Building C object CMakeFiles/bulba_engine.dir/src/bulba/core/objects3d/objects3d.c.o
[27/77] Building C object CMakeFiles/bulba_engine.dir/src/bulba/core/objects2d/circle.c.o
[28/77] Building C object CMakeFiles/bulba_engine.dir/src/bulba/core/objects2d/objects2d.c.o
[29/77] Building C object CMakeFiles/bulba_engine.dir/src/bulba/core/objects3d/cube.c.o
[30/77] Building C object CMakeFiles/bulba_engine.dir/src/bulba/core/objects2d/text2d.c.o
[31/77] Building C object CMakeFiles/bulba_engine.dir/src/bulba/core/math3v/polygon.c.o
[32/77] Building C object CMakeFiles/bulba_engine.dir/src/bulba/core/objects2d/square.c.o
[33/77] Building C object CMakeFiles/bulba_engine.dir/src/bulba/core/objects3d/sphere.c.o
[34/77] Building C object CMakeFiles/bulba_engine.dir/src/bulba/core/math3v/lights.c.o
[35/77] Building C object CMakeFiles/bulba_engine.dir/src/bulba/core/utils/debug.c.o
[36/77] Building C object CMakeFiles/bulba_engine.dir/src/bulba/core/camera.c.o
[37/77] Building C object CMakeFiles/bulba_engine.dir/src/bulba/core/platform.c.o
[38/77] Building C object CMakeFiles/bulba_engine.dir/src/bulba/core/render/shader.c.o
[39/77] Building C object CMakeFiles/bulba_engine.dir/src/bulba/core/physics.c.o
[40/77] Building C object CMakeFiles/bulba_engine.dir/src/bulba/core/utils/font.c.o
[41/77] Building C object CMakeFiles/bulba_engine.dir/src/bulba/core/scene.c.o
[42/77] Building C object CMakeFiles/bulba_engine.dir/src/bulba/core/render/texture.c.o
[43/77] Building C object CMakeFiles/bulba_engine.dir/src/bulba/core/objects3d/torus.c.o
[44/77] Building C object CMakeFiles/bulba_engine.dir/src/bulba/core/render/material.c.o
[45/77] Building C object CMakeFiles/bulba_engine.dir/src/bulba/core/window.c.o
[46/77] Building C object CMakeFiles/bulba_engine.dir/src/bulba/graphics/vulkan/device.c.o
[47/77] Building C object CMakeFiles/bulba_engine.dir/src/bulba/graphics/vulkan/instance.c.o
[48/77] Building C object CMakeFiles/bulba_engine.dir/src/bulba/core/utils/fps.c.o
[49/77] Building C object CMakeFiles/bulba_engine.dir/src/bulba/graphics/vulkan/renderer/renderer_buffers.c.o
[50/77] Building C object CMakeFiles/bulba_engine.dir/src/bulba/graphics/vulkan/renderer/renderer_frame.c.o
[51/77] Building C object CMakeFiles/bulba_engine.dir/src/bulba/core/render.c.o
[52/77] Building C object CMakeFiles/bulba_engine.dir/src/bulba/graphics/vulkan/renderer/renderer_pipeline.c.o
[53/77] Building C object CMakeFiles/bulba_engine.dir/src/bulba/graphics/vulkan/renderer/renderer_lights.c.o
[54/77] Building C object CMakeFiles/bulba_engine.dir/src/bulba/graphics/vulkan/renderer/renderer.c.o
[55/77] Building C object CMakeFiles/bulba_engine.dir/generated/shaders/basic3d_vert.c.o
[56/77] Building C object CMakeFiles/bulba_engine.dir/src/bulba/plugins/plugin.c.o
[57/77] Building C object CMakeFiles/bulba_engine.dir/src/bulba/graphics/vulkan/renderer/renderer_shadow.c.o
[58/77] Building C object CMakeFiles/bulba_engine.dir/src/bulba/graphics/vulkan/renderer/renderer_text.c.o
[59/77] Building C object CMakeFiles/bulba_engine.dir/generated/shaders/text3d_vert.c.o
[60/77] Building C object CMakeFiles/bulba_engine.dir/generated/shaders/text3d_frag.c.o
[61/77] Building C object CMakeFiles/bulba_engine.dir/generated/shaders/basic2d_frag.c.o
[62/77] Building C object CMakeFiles/bulba_engine.dir/generated/shaders/text2d_vert.c.o
[63/77] Building C object CMakeFiles/bulba_engine.dir/generated/shaders/basic2d_vert.c.o
[64/77] Building C object CMakeFiles/bulba_engine.dir/generated/shaders/basic3d_frag.c.o
[65/77] Building C object CMakeFiles/bulba_engine.dir/generated/shaders/text2d_frag.c.o
[66/77] Building C object CMakeFiles/bulba_engine.dir/generated/shaders/shadow_vert.c.o
[67/77] Building C object CMakeFiles/bulba_engine.dir/src/bulba/graphics/vulkan/renderer/renderer_geometry.c.o
[68/77] Building C object CMakeFiles/bulba_engine.dir/src/bulba/graphics/vulkan/renderer/renderer_utils.c.o
[69/77] Building C object CMakeFiles/bulba_engine.dir/src/bulba/graphics/vulkan/renderer/renderer_texture.c.o
[70/77] Building C object CMakeFiles/bulba_engine.dir/src/bulba/graphics/vulkan/vulkan.c.o
[71/77] Building C object CMakeFiles/bulba_engine.dir/src/bulba/graphics/vulkan/swapchain.c.o
[72/77] Building C object CMakeFiles/bulba.dir/src/main.c.o
[73/77] Building C object CMakeFiles/bulba_engine.dir/generated/textures/light_off_256dp.c.o
[74/77] Building C object CMakeFiles/bulba_engine.dir/generated/textures/light_256dp.c.o
[75/77] Building C object CMakeFiles/bulba_engine.dir/generated/textures/camera_256dp.c.o
[76/77] Linking C static library libbulba_engine.a
[77/77] Linking C executable bulba
[2026-09-19 23:31:34] Application started
[2026-09-19 23:31:34] PID: 763700
[2026-09-19 23:31:34] MONITOR START
[2026-09-19 23:31:34] PID: 763700
[2026-09-19 23:31:34] EXE: /home/grib/projects/BulbaEngine/engine/build/debug/bulba
[2026-09-19 23:31:34] CPU=60.0% RSS=5.50 MB HWM=5.50 MB VSZ=14.73 MB DATA=0.80 MB ANON=0.82 MB PSS=1.83 MB THREADS=1 FD=14 STATE=S (sleeping) WCHAN=-
[2026-09-19 23:31:35] CPU=36.7% RSS=91.65 MB HWM=91.65 MB VSZ=619.79 MB DATA=51.54 MB ANON=28.98 MB PSS=66.92 MB THREADS=5 FD=29 STATE=S (sleeping) WCHAN=drm_syncobj_array_wait_timeout.constprop.0
[2026-09-19 23:31:36] CPU=35.4% RSS=91.65 MB HWM=91.65 MB VSZ=619.79 MB DATA=51.54 MB ANON=28.98 MB PSS=66.92 MB THREADS=5 FD=29 STATE=S (sleeping) WCHAN=drm_syncobj_array_wait_timeout.constprop.0
[2026-09-19 23:31:37] CPU=36.6% RSS=91.65 MB HWM=91.65 MB VSZ=619.79 MB DATA=51.54 MB ANON=28.98 MB PSS=66.92 MB THREADS=5 FD=29 STATE=S (sleeping) WCHAN=drm_syncobj_array_wait_timeout.constprop.0
[2026-09-19 23:31:38] CPU=38.0% RSS=91.65 MB HWM=91.65 MB VSZ=619.79 MB DATA=51.54 MB ANON=28.98 MB PSS=66.92 MB THREADS=5 FD=29 STATE=R (running) WCHAN=drm_syncobj_array_wait_timeout.constprop.0
[2026-09-19 23:31:39] CPU=37.9% RSS=91.65 MB HWM=91.65 MB VSZ=619.79 MB DATA=51.54 MB ANON=28.98 MB PSS=66.92 MB THREADS=5 FD=29 STATE=R (running) WCHAN=drm_syncobj_array_wait_timeout.constprop.0
[2026-09-19 23:31:40] CPU=36.9% RSS=91.65 MB HWM=91.65 MB VSZ=619.79 MB DATA=51.54 MB ANON=28.98 MB PSS=66.92 MB THREADS=5 FD=29 STATE=R (running) WCHAN=drm_syncobj_array_wait_timeout.constprop.0
[2026-09-19 23:31:41] CPU=36.4% RSS=91.65 MB HWM=91.65 MB VSZ=619.79 MB DATA=51.54 MB ANON=28.98 MB PSS=66.92 MB THREADS=5 FD=29 STATE=S (sleeping) WCHAN=drm_syncobj_array_wait_timeout.constprop.0
[2026-09-19 23:31:42] CPU=36.0% RSS=91.65 MB HWM=91.65 MB VSZ=619.79 MB DATA=51.54 MB ANON=28.98 MB PSS=66.95 MB THREADS=5 FD=29 STATE=S (sleeping) WCHAN=drm_syncobj_array_wait_timeout.constprop.0
[2026-09-19 23:31:43] CPU=35.7% RSS=91.65 MB HWM=91.65 MB VSZ=619.79 MB DATA=51.54 MB ANON=28.98 MB PSS=66.95 MB THREADS=5 FD=29 STATE=S (sleeping) WCHAN=drm_syncobj_array_wait_timeout.constprop.0
[2026-09-19 23:31:44] CPU=36.0% RSS=91.65 MB HWM=91.65 MB VSZ=619.79 MB DATA=51.54 MB ANON=0.00 MB PSS=66.95 MB THREADS=5 FD=29 STATE=S (sleeping) WCHAN=drm_syncobj_array_wait_timeout.constprop.0
[2026-09-19 23:31:45] CPU=35.8% RSS=91.65 MB HWM=91.65 MB VSZ=619.79 MB DATA=51.54 MB ANON=28.98 MB PSS=66.95 MB THREADS=5 FD=29 STATE=S (sleeping) WCHAN=drm_syncobj_array_wait_timeout.constprop.0
[2026-09-19 23:31:46] MONITOR END
[2026-09-19 23:31:46] PROCESS EXIT CODE: 0
