============================================================
BulbaEngine diagnostic session
Date: Tue Sep 22 07:11:11 +04 2026
Project: bulba
Build type: Debug
Live monitor: 1
Valgrind: 0
============================================================

============================================================
CMAKE DEBUG CONFIGURE
============================================================
-- Configuring done (0.1s)
-- Generating done (0.0s)
-- Build files have been written to: /home/grib/projects/BulbaEngine/engine/build/debug

============================================================
CMAKE DEBUG BUILD
============================================================
[0/2] Re-checking globbed directories...
[1/2] Building C object CMakeFiles/bulba.dir/src/main.c.o
[2/2] Linking C executable bulba
[2026-09-22 07:11:11] APPLICATION LOG: logs/2026-09-22_07-11-11/application.log
[2026-09-22 07:11:11] ASAN: ON
[2026-09-22 07:11:11] Application started
[2026-09-22 07:11:11] PID: 423312
[2026-09-22 07:11:11] Application output redirected to: logs/2026-09-22_07-11-11/application.log
[2026-09-22 07:11:11] MONITOR START
[2026-09-22 07:11:11] PID: 423312
[2026-09-22 07:11:11] EXE: /home/grib/projects/BulbaEngine/engine/build/debug/bulba
[2026-09-22 07:11:11] APPLICATION LOG: logs/2026-09-22_07-11-11/application.log
[2026-09-22 07:11:11] CPU=60.0% RSS=5.59 MB HWM=5.59 MB VSZ=14.93 MB DATA=0.80 MB ANON=0.87 MB PSS=1.92 MB THREADS=1 FD=14 STATE=R (running) WCHAN=-
[2026-09-22 07:11:12] CPU=39.7% RSS=85.46 MB HWM=85.46 MB VSZ=619.41 MB DATA=50.47 MB ANON=28.14 MB PSS=54.41 MB THREADS=5 FD=29 STATE=S (sleeping) WCHAN=drm_syncobj_array_wait_timeout.constprop.0
[2026-09-22 07:11:13] CPU=36.6% RSS=85.46 MB HWM=85.46 MB VSZ=619.41 MB DATA=50.47 MB ANON=28.14 MB PSS=54.41 MB THREADS=5 FD=29 STATE=R (running) WCHAN=drm_syncobj_array_wait_timeout.constprop.0
[2026-09-22 07:11:14] CPU=36.3% RSS=85.46 MB HWM=85.46 MB VSZ=619.41 MB DATA=50.47 MB ANON=28.14 MB PSS=54.41 MB THREADS=5 FD=29 STATE=S (sleeping) WCHAN=drm_syncobj_array_wait_timeout.constprop.0
[2026-09-22 07:11:15] CPU=34.9% RSS=85.46 MB HWM=85.46 MB VSZ=619.41 MB DATA=50.47 MB ANON=28.14 MB PSS=54.41 MB THREADS=5 FD=29 STATE=R (running) WCHAN=drm_syncobj_array_wait_timeout.constprop.0
[2026-09-22 07:11:16] CPU=35.7% RSS=85.46 MB HWM=85.46 MB VSZ=619.41 MB DATA=50.47 MB ANON=28.14 MB PSS=54.41 MB THREADS=5 FD=29 STATE=S (sleeping) WCHAN=drm_syncobj_array_wait_timeout.constprop.0
[2026-09-22 07:11:17] CPU=36.1% RSS=85.46 MB HWM=85.46 MB VSZ=619.41 MB DATA=50.47 MB ANON=28.14 MB PSS=54.41 MB THREADS=5 FD=29 STATE=R (running) WCHAN=drm_syncobj_array_wait_timeout.constprop.0
[2026-09-22 07:11:18] CPU=36.1% RSS=85.46 MB HWM=85.46 MB VSZ=619.41 MB DATA=50.47 MB ANON=28.14 MB PSS=54.41 MB THREADS=5 FD=29 STATE=R (running) WCHAN=-
[2026-09-22 07:11:19] CPU=36.2% RSS=85.46 MB HWM=85.46 MB VSZ=619.41 MB DATA=50.47 MB ANON=28.14 MB PSS=54.41 MB THREADS=5 FD=29 STATE=S (sleeping) WCHAN=drm_syncobj_array_wait_timeout.constprop.0
[2026-09-22 07:11:20] CPU=35.9% RSS=85.46 MB HWM=85.46 MB VSZ=619.41 MB DATA=50.47 MB ANON=28.14 MB PSS=54.41 MB THREADS=5 FD=29 STATE=S (sleeping) WCHAN=drm_syncobj_array_wait_timeout.constprop.0
[2026-09-22 07:11:21] CPU=35.9% RSS=85.46 MB HWM=85.46 MB VSZ=619.41 MB DATA=50.47 MB ANON=28.14 MB PSS=54.41 MB THREADS=5 FD=29 STATE=R (running) WCHAN=drm_syncobj_array_wait_timeout.constprop.0
[2026-09-22 07:11:22] CPU=35.4% RSS=85.46 MB HWM=85.46 MB VSZ=619.41 MB DATA=50.47 MB ANON=28.14 MB PSS=54.49 MB THREADS=5 FD=29 STATE=S (sleeping) WCHAN=drm_syncobj_array_wait_timeout.constprop.0
[2026-09-22 07:11:23] CPU=35.2% RSS=85.46 MB HWM=85.46 MB VSZ=619.41 MB DATA=50.47 MB ANON=28.14 MB PSS=54.49 MB THREADS=5 FD=29 STATE=R (running) WCHAN=-
[2026-09-22 07:11:24] CPU=35.3% RSS=85.46 MB HWM=85.46 MB VSZ=619.41 MB DATA=50.47 MB ANON=28.14 MB PSS=54.49 MB THREADS=5 FD=29 STATE=R (running) WCHAN=drm_syncobj_array_wait_timeout.constprop.0
[2026-09-22 07:11:25] CPU=35.4% RSS=85.46 MB HWM=85.46 MB VSZ=619.41 MB DATA=50.47 MB ANON=28.14 MB PSS=54.49 MB THREADS=5 FD=29 STATE=S (sleeping) WCHAN=drm_syncobj_array_wait_timeout.constprop.0
[2026-09-22 07:11:26] MONITOR END
[2026-09-22 07:11:26] PROCESS EXIT CODE: 0
