============================================================
BulbaEngine diagnostic session
Date: Tue Sep 22 20:55:36 +04 2026
Project: bulba
Build type: Debug
Live monitor: 1
Valgrind: 0
============================================================

============================================================
CMAKE DEBUG CONFIGURE
============================================================
-- Configuring done (0.1s)
-- Generating done (0.0s)
-- Build files have been written to: /home/grib/projects/BulbaEngine/engine/build/debug

============================================================
CMAKE DEBUG BUILD
============================================================
[0/2] Re-checking globbed directories...
[1/2] Building C object CMakeFiles/bulba.dir/src/main.c.o
[2/2] Linking C executable bulba
[2026-09-22 20:55:37] APPLICATION LOG: logs/2026-09-22_20-55-36/application.log
[2026-09-22 20:55:37] ASAN: ON
[2026-09-22 20:55:37] Application started
[2026-09-22 20:55:37] PID: 463211
[2026-09-22 20:55:37] Application output redirected to: logs/2026-09-22_20-55-36/application.log
[2026-09-22 20:55:37] MONITOR START
[2026-09-22 20:55:37] PID: 463211
[2026-09-22 20:55:37] EXE: /home/grib/projects/BulbaEngine/engine/build/debug/bulba
[2026-09-22 20:55:37] APPLICATION LOG: logs/2026-09-22_20-55-36/application.log
[2026-09-22 20:55:37] CPU=66.6% RSS=5.62 MB HWM=5.62 MB VSZ=14.94 MB DATA=0.80 MB ANON=0.87 MB PSS=1.64 MB THREADS=1 FD=7 STATE=S (sleeping) WCHAN=-
[2026-09-22 20:55:38] CPU=48.2% RSS=85.70 MB HWM=85.70 MB VSZ=622.54 MB DATA=50.60 MB ANON=28.26 MB PSS=42.37 MB THREADS=5 FD=22 STATE=S (sleeping) WCHAN=-
[2026-09-22 20:55:39] CPU=46.6% RSS=85.70 MB HWM=85.70 MB VSZ=622.54 MB DATA=50.60 MB ANON=28.26 MB PSS=42.37 MB THREADS=5 FD=22 STATE=S (sleeping) WCHAN=drm_syncobj_array_wait_timeout.constprop.0
[2026-09-22 20:55:40] CPU=46.1% RSS=85.70 MB HWM=85.70 MB VSZ=622.54 MB DATA=50.60 MB ANON=28.26 MB PSS=42.37 MB THREADS=5 FD=22 STATE=S (sleeping) WCHAN=drm_syncobj_array_wait_timeout.constprop.0
[2026-09-22 20:55:41] CPU=46.0% RSS=85.70 MB HWM=85.70 MB VSZ=622.54 MB DATA=50.60 MB ANON=28.26 MB PSS=42.37 MB THREADS=5 FD=22 STATE=S (sleeping) WCHAN=-
[2026-09-22 20:55:42] CPU=45.4% RSS=85.70 MB HWM=85.70 MB VSZ=622.16 MB DATA=50.60 MB ANON=28.26 MB PSS=42.37 MB THREADS=5 FD=22 STATE=R (running) WCHAN=drm_syncobj_array_wait_timeout.constprop.0
[2026-09-22 20:55:43] CPU=45.5% RSS=85.70 MB HWM=85.70 MB VSZ=622.54 MB DATA=50.60 MB ANON=28.26 MB PSS=42.37 MB THREADS=5 FD=22 STATE=S (sleeping) WCHAN=-
[2026-09-22 20:55:44] CPU=45.4% RSS=85.70 MB HWM=85.70 MB VSZ=622.16 MB DATA=50.60 MB ANON=28.26 MB PSS=42.37 MB THREADS=5 FD=22 STATE=R (running) WCHAN=drm_syncobj_array_wait_timeout.constprop.0
[2026-09-22 20:55:45] CPU=45.3% RSS=85.70 MB HWM=85.70 MB VSZ=622.54 MB DATA=50.60 MB ANON=28.26 MB PSS=42.37 MB THREADS=5 FD=22 STATE=S (sleeping) WCHAN=-
[2026-09-22 20:55:46] CPU=45.2% RSS=85.70 MB HWM=85.70 MB VSZ=622.54 MB DATA=50.60 MB ANON=28.26 MB PSS=42.37 MB THREADS=5 FD=22 STATE=R (running) WCHAN=-
[2026-09-22 20:55:46] MONITOR END
[2026-09-22 20:55:46] PROCESS EXIT CODE: 0
