============================================================
BulbaEngine diagnostic session
Date: Tue Sep 22 23:14:36 +04 2026
Project: bulba
Build type: Debug
Live monitor: 1
Valgrind: 0
============================================================

============================================================
CMAKE DEBUG CONFIGURE
============================================================
-- Configuring done (0.2s)
-- Generating done (0.0s)
-- Build files have been written to: /home/grib/projects/BulbaEngine/engine/build/debug

============================================================
CMAKE DEBUG BUILD
============================================================
[0/2] Re-checking globbed directories...
[1/2] Building C object CMakeFiles/bulba.dir/tests/supernova.c.o
FAILED: CMakeFiles/bulba.dir/tests/supernova.c.o 
/usr/bin/cc -DBLB_GLOW_STEPS_2D=8 -DBLB_GLOW_STEPS_3D=8 -DBLB_PLATFORM_LINUX=1 -DDEBUG -DVULKAN_SHADOW_MAP_SIZE=1024 -I/home/grib/projects/BulbaEngine/engine/tests -I/home/grib/projects/BulbaEngine/engine/include -isystem /usr/include/freetype2 -g -std=gnu11 -g -O0 -fno-omit-frame-pointer -MD -MT CMakeFiles/bulba.dir/tests/supernova.c.o -MF CMakeFiles/bulba.dir/tests/supernova.c.o.d -o CMakeFiles/bulba.dir/tests/supernova.c.o -c /home/grib/projects/BulbaEngine/engine/tests/supernova.c
/home/grib/projects/BulbaEngine/engine/tests/supernova.c: In function ‘BLB_TestSuperNova’:
/home/grib/projects/BulbaEngine/engine/tests/supernova.c:251:15: error: ‘BLB_Light3D’ has no member named ‘color’
  251 |     star_light->color = HMM_V3(1.0f, 0.98f, 0.92f);
      |               ^~
ninja: build stopped: subcommand failed.
