============================================================
BulbaEngine diagnostic session
Date: Tue Sep 22 07:19:13 +04 2026
Project: bulba
Build type: Debug
Live monitor: 1
Valgrind: 0
============================================================

============================================================
CMAKE DEBUG CONFIGURE
============================================================
-- Configuring done (0.1s)
-- Generating done (0.0s)
-- Build files have been written to: /home/grib/projects/BulbaEngine/engine/build/debug

============================================================
CMAKE DEBUG BUILD
============================================================
[0/2] Re-checking globbed directories...
[1/2] Building C object CMakeFiles/bulba.dir/tests/supernova.c.o
[2/2] Linking C executable bulba
[2026-09-22 07:19:13] APPLICATION LOG: logs/2026-09-22_07-19-13/application.log
[2026-09-22 07:19:13] ASAN: ON
[2026-09-22 07:19:13] Application started
[2026-09-22 07:19:13] PID: 438659
[2026-09-22 07:19:13] Application output redirected to: logs/2026-09-22_07-19-13/application.log
[2026-09-22 07:19:13] MONITOR START
[2026-09-22 07:19:13] PID: 438659
[2026-09-22 07:19:13] EXE: /home/grib/projects/BulbaEngine/engine/build/debug/bulba
[2026-09-22 07:19:13] APPLICATION LOG: logs/2026-09-22_07-19-13/application.log
[2026-09-22 07:19:13] CPU=50.0% RSS=5.67 MB HWM=5.67 MB VSZ=14.93 MB DATA=0.80 MB ANON=0.88 MB PSS=1.95 MB THREADS=1 FD=14 STATE=S (sleeping) WCHAN=-
[2026-09-22 07:19:14] CPU=54.0% RSS=85.09 MB HWM=85.09 MB VSZ=619.00 MB DATA=50.02 MB ANON=27.71 MB PSS=54.00 MB THREADS=5 FD=29 STATE=R (running) WCHAN=drm_syncobj_array_wait_timeout.constprop.0
[2026-09-22 07:19:15] CPU=52.8% RSS=85.09 MB HWM=85.09 MB VSZ=619.00 MB DATA=50.02 MB ANON=27.71 MB PSS=54.00 MB THREADS=5 FD=29 STATE=R (running) WCHAN=drm_syncobj_array_wait_timeout.constprop.0
[2026-09-22 07:19:16] CPU=53.1% RSS=85.09 MB HWM=85.09 MB VSZ=619.01 MB DATA=50.02 MB ANON=27.71 MB PSS=54.00 MB THREADS=5 FD=29 STATE=R (running) WCHAN=drm_syncobj_array_wait_timeout.constprop.0
[2026-09-22 07:19:17] CPU=54.1% RSS=85.09 MB HWM=85.09 MB VSZ=619.01 MB DATA=50.02 MB ANON=27.71 MB PSS=54.00 MB THREADS=5 FD=29 STATE=R (running) WCHAN=drm_syncobj_array_wait_timeout.constprop.0
[2026-09-22 07:19:18] CPU=56.1% RSS=85.09 MB HWM=85.09 MB VSZ=619.00 MB DATA=50.02 MB ANON=27.71 MB PSS=54.00 MB THREADS=5 FD=29 STATE=R (running) WCHAN=-
[2026-09-22 07:19:19] CPU=57.0% RSS=85.09 MB HWM=85.09 MB VSZ=619.00 MB DATA=50.02 MB ANON=27.71 MB PSS=54.00 MB THREADS=5 FD=29 STATE=R (running) WCHAN=drm_syncobj_array_wait_timeout.constprop.0
[2026-09-22 07:19:20] CPU=58.1% RSS=0.00 MB HWM=85.09 MB VSZ=619.01 MB DATA=50.02 MB ANON=27.71 MB PSS=54.00 MB THREADS=5 FD=29 STATE=S (sleeping) WCHAN=-
[2026-09-22 07:19:21] CPU=58.0% RSS=85.09 MB HWM=85.09 MB VSZ=619.01 MB DATA=50.02 MB ANON=27.71 MB PSS=54.00 MB THREADS=5 FD=29 STATE=R (running) WCHAN=-
[2026-09-22 07:19:22] CPU=58.4% RSS=85.09 MB HWM=85.09 MB VSZ=619.01 MB DATA=50.02 MB ANON=27.71 MB PSS=54.00 MB THREADS=0 FD=29 STATE=S (sleeping) WCHAN=-
[2026-09-22 07:19:23] CPU=58.4% RSS=85.09 MB HWM=85.09 MB VSZ=618.99 MB DATA=50.02 MB ANON=27.71 MB PSS=54.08 MB THREADS=5 FD=29 STATE=R (running) WCHAN=drm_syncobj_array_wait_timeout.constprop.0
[2026-09-22 07:19:24] CPU=58.6% RSS=85.09 MB HWM=85.09 MB VSZ=619.01 MB DATA=50.02 MB ANON=0.00 MB PSS=54.08 MB THREADS=5 FD=29 STATE=S (sleeping) WCHAN=drm_syncobj_array_wait_timeout.constprop.0
[2026-09-22 07:19:25] CPU=59.6% RSS=85.09 MB HWM=85.09 MB VSZ=618.99 MB DATA=50.02 MB ANON=27.71 MB PSS=54.08 MB THREADS=5 FD=29 STATE=S (sleeping) WCHAN=-
[2026-09-22 07:19:26] CPU=60.3% RSS=85.09 MB HWM=85.09 MB VSZ=619.00 MB DATA=50.02 MB ANON=27.71 MB PSS=54.08 MB THREADS=5 FD=29 STATE=R (running) WCHAN=-
[2026-09-22 07:19:27] CPU=60.9% RSS=85.09 MB HWM=85.09 MB VSZ=619.00 MB DATA=50.02 MB ANON=27.71 MB PSS=54.08 MB THREADS=5 FD=29 STATE=R (running) WCHAN=-
[2026-09-22 07:19:28] CPU=62.2% RSS=85.09 MB HWM=85.09 MB VSZ=619.01 MB DATA=50.02 MB ANON=27.71 MB PSS=54.08 MB THREADS=5 FD=29 STATE=R (running) WCHAN=-
[2026-09-22 07:19:29] CPU=62.8% RSS=85.09 MB HWM=85.09 MB VSZ=618.99 MB DATA=50.02 MB ANON=27.71 MB PSS=54.08 MB THREADS=5 FD=29 STATE=S (sleeping) WCHAN=-
[2026-09-22 07:19:30] CPU=63.9% RSS=85.09 MB HWM=85.09 MB VSZ=618.99 MB DATA=50.02 MB ANON=27.71 MB PSS=54.08 MB THREADS=5 FD=29 STATE=R (running) WCHAN=-
[2026-09-22 07:19:31] CPU=64.3% RSS=85.09 MB HWM=85.09 MB VSZ=619.01 MB DATA=50.02 MB ANON=27.71 MB PSS=54.08 MB THREADS=5 FD=29 STATE=S (sleeping) WCHAN=-
[2026-09-22 07:19:32] CPU=64.8% RSS=85.09 MB HWM=85.09 MB VSZ=619.00 MB DATA=50.02 MB ANON=27.71 MB PSS=54.08 MB THREADS=5 FD=29 STATE=R (running) WCHAN=-
[2026-09-22 07:19:33] EVENT: RAPID MEMORY GROWTH
[2026-09-22 07:19:33] RSS BEFORE: 5.67 MB
[2026-09-22 07:19:33] RSS NOW: 85.09 MB
[2026-09-22 07:19:33] DELTA: 79.43 MB
[2026-09-22 07:19:33] ============================================================
[2026-09-22 07:19:33] DIAGNOSTIC EVENT: memory_growth
[2026-09-22 07:19:33] PID: 438659
[2026-09-22 07:19:33] EVENT DIR: logs/2026-09-22_07-19-13/events/2026-09-22_07-19-33_memory_growth
[2026-09-22 07:19:33] ============================================================
[2026-09-22 07:19:34] Diagnostic snapshot saved: logs/2026-09-22_07-19-13/events/2026-09-22_07-19-33_memory_growth
[2026-09-22 07:19:34] CPU=65.8% RSS=85.09 MB HWM=85.09 MB VSZ=619.01 MB DATA=50.02 MB ANON=27.71 MB PSS=54.08 MB THREADS=5 FD=29 STATE=R (running) WCHAN=drm_syncobj_array_wait_timeout.constprop.0
[2026-09-22 07:19:34] CPU=66.3% RSS=85.09 MB HWM=85.09 MB VSZ=618.99 MB DATA=50.02 MB ANON=27.71 MB PSS=54.08 MB THREADS=5 FD=29 STATE=R (running) WCHAN=-
[2026-09-22 07:19:35] CPU=66.8% RSS=85.09 MB HWM=85.09 MB VSZ=618.99 MB DATA=50.02 MB ANON=27.71 MB PSS=54.08 MB THREADS=5 FD=29 STATE=R (running) WCHAN=-
[2026-09-22 07:19:36] CPU=67.1% RSS=85.09 MB HWM=85.09 MB VSZ=618.99 MB DATA=50.02 MB ANON=27.71 MB PSS=54.08 MB THREADS=5 FD=29 STATE=R (running) WCHAN=-
[2026-09-22 07:19:37] CPU=67.8% RSS=85.09 MB HWM=85.09 MB VSZ=618.99 MB DATA=50.02 MB ANON=27.71 MB PSS=54.08 MB THREADS=5 FD=29 STATE=R (running) WCHAN=-
[2026-09-22 07:19:38] CPU=68.1% RSS=85.09 MB HWM=85.09 MB VSZ=618.99 MB DATA=50.02 MB ANON=27.71 MB PSS=54.08 MB THREADS=5 FD=29 STATE=S (sleeping) WCHAN=-
[2026-09-22 07:19:39] CPU=68.6% RSS=85.09 MB HWM=85.09 MB VSZ=618.99 MB DATA=50.02 MB ANON=27.71 MB PSS=54.08 MB THREADS=5 FD=29 STATE=R (running) WCHAN=drm_syncobj_array_wait_timeout.constprop.0
[2026-09-22 07:19:40] CPU=68.9% RSS=85.09 MB HWM=85.09 MB VSZ=618.99 MB DATA=50.02 MB ANON=27.71 MB PSS=54.08 MB THREADS=5 FD=29 STATE=R (running) WCHAN=-
[2026-09-22 07:19:41] CPU=69.1% RSS=85.09 MB HWM=85.09 MB VSZ=619.01 MB DATA=50.02 MB ANON=27.71 MB PSS=54.08 MB THREADS=5 FD=29 STATE=S (sleeping) WCHAN=-
[2026-09-22 07:19:42] CPU=69.6% RSS=85.09 MB HWM=85.09 MB VSZ=619.01 MB DATA=50.02 MB ANON=27.71 MB PSS=54.08 MB THREADS=0 FD=29 STATE=S (sleeping) WCHAN=-
[2026-09-22 07:19:43] CPU=69.7% RSS=85.09 MB HWM=85.09 MB VSZ=618.99 MB DATA=50.02 MB ANON=27.71 MB PSS=54.08 MB THREADS=5 FD=29 STATE=R (running) WCHAN=-
[2026-09-22 07:19:44] CPU=70.2% RSS=85.11 MB HWM=85.11 MB VSZ=619.00 MB DATA=50.02 MB ANON=27.73 MB PSS=54.09 MB THREADS=5 FD=29 STATE=R (running) WCHAN=-
[2026-09-22 07:19:45] MONITOR END
[2026-09-22 07:19:45] PROCESS EXIT CODE: 0
