============================================================
BulbaEngine diagnostic session
Date: Tue Sep 22 20:51:38 +04 2026
Project: bulba
Build type: Debug
Live monitor: 1
Valgrind: 0
============================================================

============================================================
CMAKE DEBUG CONFIGURE
============================================================
-- Configuring done (0.1s)
-- Generating done (0.0s)
-- Build files have been written to: /home/grib/projects/BulbaEngine/engine/build/debug

============================================================
CMAKE DEBUG BUILD
============================================================
[0/2] Re-checking globbed directories...
[1/2] Building C object CMakeFiles/bulba.dir/src/main.c.o
[2/2] Linking C executable bulba
[2026-09-22 20:51:38] APPLICATION LOG: logs/2026-09-22_20-51-38/application.log
[2026-09-22 20:51:38] ASAN: ON
[2026-09-22 20:51:38] Application started
[2026-09-22 20:51:38] PID: 448975
[2026-09-22 20:51:38] Application output redirected to: logs/2026-09-22_20-51-38/application.log
[2026-09-22 20:51:38] MONITOR START
[2026-09-22 20:51:38] PID: 448975
[2026-09-22 20:51:38] EXE: /home/grib/projects/BulbaEngine/engine/build/debug/bulba
[2026-09-22 20:51:38] APPLICATION LOG: logs/2026-09-22_20-51-38/application.log
[2026-09-22 20:51:38] CPU=75.0% RSS=5.71 MB HWM=5.71 MB VSZ=14.94 MB DATA=0.80 MB ANON=0.87 MB PSS=1.88 MB THREADS=1 FD=14 STATE=R (running) WCHAN=-
[2026-09-22 20:51:39] CPU=32.4% RSS=85.57 MB HWM=85.57 MB VSZ=0.00 MB DATA=50.47 MB ANON=28.13 MB PSS=54.34 MB THREADS=5 FD=29 STATE=S (sleeping) WCHAN=drm_syncobj_array_wait_timeout.constprop.0
[2026-09-22 20:51:40] CPU=28.3% RSS=85.57 MB HWM=85.57 MB VSZ=619.53 MB DATA=50.47 MB ANON=28.13 MB PSS=54.34 MB THREADS=5 FD=29 STATE=S (sleeping) WCHAN=drm_syncobj_array_wait_timeout.constprop.0
[2026-09-22 20:51:41] CPU=29.0% RSS=85.59 MB HWM=85.59 MB VSZ=619.55 MB DATA=50.47 MB ANON=28.15 MB PSS=54.36 MB THREADS=5 FD=29 STATE=R (running) WCHAN=drm_syncobj_array_wait_timeout.constprop.0
[2026-09-22 20:51:42] CPU=28.4% RSS=85.59 MB HWM=85.59 MB VSZ=619.65 MB DATA=50.47 MB ANON=28.15 MB PSS=54.36 MB THREADS=5 FD=29 STATE=S (sleeping) WCHAN=-
[2026-09-22 20:51:43] MONITOR END
[2026-09-22 20:51:43] PROCESS EXIT CODE: 0
