============================================================
BulbaEngine diagnostic session
Date: Tue Sep 22 07:09:21 +04 2026
Project: bulba
Build type: Debug
Live monitor: 1
Valgrind: 0
============================================================

============================================================
CMAKE DEBUG CONFIGURE
============================================================
-- The C compiler identification is GNU 13.3.0
-- Detecting C compiler ABI info
-- Detecting C compiler ABI info - done
-- Check for working C compiler: /usr/bin/cc - skipped
-- Detecting C compile features
-- Detecting C compile features - done
-- Found Vulkan: /usr/lib/x86_64-linux-gnu/libvulkan.so (found version "1.3.275") found components: glslc missing components: glslangValidator
-- Found Freetype: /usr/lib/x86_64-linux-gnu/libfreetype.so (found version "2.13.2") 
-- Found ZLIB: /usr/lib/x86_64-linux-gnu/libz.so (found version "1.3")  
-- Found PNG: /usr/lib/x86_64-linux-gnu/libpng.so (found version "1.6.43") 
-- Configuring done (0.2s)
-- Generating done (0.0s)
-- Build files have been written to: /home/grib/projects/BulbaEngine/engine/build/debug

============================================================
CMAKE DEBUG BUILD
============================================================
[0/2] Re-checking globbed directories...
[1/85] Building C object CMakeFiles/blb_png_to_c.dir/cmake/png_to_c.c.o
[2/85] Linking C executable blb_png_to_c
[3/85] Generating shaders/text3d.vert.spv
[4/85] Generating generated/shaders/text3d_vert.h, generated/shaders/text3d_vert.c
[5/85] Generating shaders/text3d.frag.spv
[6/85] Generating shaders/text2d.vert.spv
[7/85] Generating shaders/shadow.vert.spv
[8/85] Generating shaders/basic2d.vert.spv
[9/85] Generating shaders/basic3d.vert.spv
[10/85] Generating shaders/basic3d.frag.spv
[11/85] Generating shaders/text2d.frag.spv
[12/85] Generating shaders/basic2d.frag.spv
[13/85] Generating generated/shaders/text3d_frag.h, generated/shaders/text3d_frag.c
[14/85] Generating generated/shaders/text2d_vert.h, generated/shaders/text2d_vert.c
[15/85] Generating generated/shaders/shadow_vert.h, generated/shaders/shadow_vert.c
[16/85] Generating generated/shaders/basic2d_vert.h, generated/shaders/basic2d_vert.c
[17/85] Generating generated/shaders/text2d_frag.h, generated/shaders/text2d_frag.c
[18/85] Generating generated/shaders/basic3d_vert.h, generated/shaders/basic3d_vert.c
[19/85] Generating generated/shaders/basic2d_frag.h, generated/shaders/basic2d_frag.c
[20/85] Generating generated/shaders/basic3d_frag.h, generated/shaders/basic3d_frag.c
[21/85] Generating generated/textures/light_off_256dp.c, generated/textures/light_off_256dp.h
[22/85] Generating generated/textures/light_256dp.c, generated/textures/light_256dp.h
[23/85] Generating generated/textures/camera_256dp.c, generated/textures/camera_256dp.h
[24/85] Building C object CMakeFiles/bulba_engine.dir/src/bulba/core/math3v/math3v.c.o
[25/85] Building C object CMakeFiles/bulba_engine.dir/src/bulba/core/objects3d/model_loader.c.o
[26/85] Building C object CMakeFiles/bulba_engine.dir/src/bulba/core/objects2d/objects2d.c.o
[27/85] Building C object CMakeFiles/bulba_engine.dir/src/bulba/core/objects2d/square.c.o
[28/85] Building C object CMakeFiles/bulba_engine.dir/src/bulba/core/objects2d/circle.c.o
[29/85] Building C object CMakeFiles/bulba_engine.dir/src/bulba/core/objects3d/objects3d.c.o
[30/85] Building C object CMakeFiles/bulba_engine.dir/src/bulba/core/objects2d/text2d.c.o
[31/85] Building C object CMakeFiles/bulba_engine.dir/src/bulba/core/objects3d/cube.c.o
[32/85] Building C object CMakeFiles/bulba_engine.dir/src/bulba/core/math3v/polygon.c.o
[33/85] Building C object CMakeFiles/bulba_engine.dir/src/bulba/core/camera.c.o
[34/85] Building C object CMakeFiles/bulba_engine.dir/src/bulba/core/utils/config.c.o
[35/85] Building C object CMakeFiles/bulba_engine.dir/src/bulba/core/math3v/lights.c.o
[36/85] Building C object CMakeFiles/bulba_engine.dir/src/bulba/core/platform.c.o
[37/85] Building C object CMakeFiles/bulba_engine.dir/src/bulba/core/utils/object.c.o
[38/85] Building C object CMakeFiles/bulba_engine.dir/src/bulba/core/render/shader.c.o
[39/85] Building C object CMakeFiles/bulba_engine.dir/src/bulba/core/objects3d/sphere.c.o
[40/85] Building C object CMakeFiles/bulba_engine.dir/src/bulba/core/utils/font.c.o
[41/85] Building C object CMakeFiles/bulba_engine.dir/src/bulba/core/objects3d/torus.c.o
[42/85] Building C object CMakeFiles/bulba_engine.dir/src/bulba/core/physics.c.o
[43/85] Building C object CMakeFiles/bulba_engine.dir/src/bulba/core/scene.c.o
[44/85] Building C object CMakeFiles/bulba_engine.dir/src/bulba/core/render/texture.c.o
[45/85] Building C object CMakeFiles/bulba_engine.dir/src/bulba/bulba.c.o
[46/85] Building C object CMakeFiles/bulba_engine.dir/src/bulba/core/window.c.o
[47/85] Building C object CMakeFiles/bulba_engine.dir/src/bulba/core/render/material.c.o
[48/85] Building C object CMakeFiles/bulba_engine.dir/src/bulba/core/utils/fps.c.o
[49/85] Building C object CMakeFiles/bulba_engine.dir/src/bulba/graphics/vulkan/device.c.o
[50/85] Building C object CMakeFiles/bulba_engine.dir/src/bulba/graphics/vulkan/instance.c.o
[51/85] Building C object CMakeFiles/bulba_engine.dir/src/bulba/graphics/vulkan/renderer/renderer_buffers.c.o
[52/85] Building C object CMakeFiles/bulba_engine.dir/src/bulba/graphics/vulkan/renderer/renderer.c.o
[53/85] Building C object CMakeFiles/bulba_engine.dir/src/bulba/graphics/vulkan/renderer/renderer_pipeline.c.o
[54/85] Building C object CMakeFiles/bulba_engine.dir/src/bulba/graphics/vulkan/renderer/renderer_frame.c.o
[55/85] Building C object CMakeFiles/bulba_engine.dir/src/bulba/plugins/plugin.c.o
[56/85] Building C object CMakeFiles/bulba_engine.dir/generated/shaders/basic2d_vert.c.o
[57/85] Building C object CMakeFiles/bulba_engine.dir/src/bulba/core/render.c.o
[58/85] Building C object CMakeFiles/bulba_engine.dir/src/bulba/graphics/vulkan/renderer/renderer_lights.c.o
[59/85] Building C object CMakeFiles/bulba_engine.dir/src/bulba/graphics/vulkan/renderer/renderer_shadow.c.o
[60/85] Building C object CMakeFiles/bulba_engine.dir/generated/shaders/basic3d_vert.c.o
[61/85] Building C object CMakeFiles/bulba_engine.dir/generated/shaders/text3d_vert.c.o
[62/85] Building C object CMakeFiles/bulba_engine.dir/generated/shaders/text3d_frag.c.o
[63/85] Building C object CMakeFiles/bulba_engine.dir/generated/shaders/text2d_vert.c.o
[64/85] Building C object CMakeFiles/bulba_engine.dir/generated/shaders/text2d_frag.c.o
[65/85] Building C object CMakeFiles/bulba_engine.dir/src/bulba/graphics/vulkan/renderer/renderer_geometry.c.o
[66/85] Building C object CMakeFiles/bulba_engine.dir/generated/shaders/shadow_vert.c.o
[67/85] Building C object CMakeFiles/bulba_engine.dir/generated/shaders/basic3d_frag.c.o
[68/85] Building C object CMakeFiles/bulba_engine.dir/src/bulba/graphics/vulkan/renderer/renderer_utils.c.o
[69/85] Building C object CMakeFiles/bulba_engine.dir/src/bulba/graphics/vulkan/renderer/renderer_text.c.o
[70/85] Building C object CMakeFiles/bulba_engine.dir/generated/shaders/basic2d_frag.c.o
[71/85] Building C object CMakeFiles/bulba_engine.dir/src/bulba/graphics/vulkan/swapchain.c.o
[72/85] Building C object CMakeFiles/bulba_engine.dir/src/bulba/graphics/vulkan/renderer/renderer_texture.c.o
[73/85] Building C object CMakeFiles/bulba_engine.dir/src/bulba/graphics/vulkan/vulkan.c.o
[74/85] Building C object CMakeFiles/bulba.dir/src/main.c.o
[75/85] Building C object CMakeFiles/bulba.dir/tests/supernova.c.o
[76/85] Building C object CMakeFiles/bulba.dir/tests/material.c.o
[77/85] Building C object CMakeFiles/bulba.dir/tests/objects.c.o
[78/85] Building C object CMakeFiles/bulba.dir/tests/sprite_sheet.c.o
[79/85] Building C object CMakeFiles/bulba.dir/tests/object_count.c.o
[80/85] Building C object CMakeFiles/bulba.dir/tests/texture.c.o
[81/85] Building C object CMakeFiles/bulba_engine.dir/generated/textures/camera_256dp.c.o
[82/85] Building C object CMakeFiles/bulba_engine.dir/generated/textures/light_256dp.c.o
[83/85] Building C object CMakeFiles/bulba_engine.dir/generated/textures/light_off_256dp.c.o
[84/85] Linking C static library libbulba_engine.a
[85/85] Linking C executable bulba
[2026-09-22 07:09:25] APPLICATION LOG: logs/2026-09-22_07-09-21/application.log
[2026-09-22 07:09:25] ASAN: ON
[2026-09-22 07:09:25] Application started
[2026-09-22 07:09:25] PID: 418543
[2026-09-22 07:09:25] Application output redirected to: logs/2026-09-22_07-09-21/application.log
[2026-09-22 07:09:25] MONITOR START
[2026-09-22 07:09:25] PID: 418543
[2026-09-22 07:09:25] EXE: /home/grib/projects/BulbaEngine/engine/build/debug/bulba
[2026-09-22 07:09:25] APPLICATION LOG: logs/2026-09-22_07-09-21/application.log
[2026-09-22 07:09:25] CPU=60.0% RSS=5.69 MB HWM=5.69 MB VSZ=14.93 MB DATA=0.80 MB ANON=0.88 MB PSS=1.92 MB THREADS=1 FD=14 STATE=R (running) WCHAN=-
[2026-09-22 07:09:26] CPU=43.4% RSS=85.66 MB HWM=85.66 MB VSZ=619.52 MB DATA=50.57 MB ANON=28.22 MB PSS=54.95 MB THREADS=5 FD=29 STATE=S (sleeping) WCHAN=drm_syncobj_array_wait_timeout.constprop.0
[2026-09-22 07:09:26] MONITOR END
[2026-09-22 07:09:26] PROCESS EXIT CODE: 0
